Archive member included to satisfy reference by file (symbol)

.\libtomcrypt.a(base64_decode.o)
                              rsa_verify.o (base64_decode)
.\libtomcrypt.a(crypt_argchk.o)
                              .\libtomcrypt.a(base64_decode.o) (crypt_argchk)
.\libtomcrypt.a(crypt_ltc_mp_descriptor.o)
                              rsa_verify.o (ltc_mp)
.\libtomcrypt.a(ltm_desc.o)   rsa_verify.o (ltm_desc)
.\libtomcrypt.a(pkcs_1_v1_5_decode.o)
                              rsa_verify.o (pkcs_1_v1_5_decode)
.\libtomcrypt.a(rsa_exptmod.o)
                              .\libtomcrypt.a(ltm_desc.o) (rsa_exptmod)
.\libtomcrypt.a(rsa_free.o)   rsa_verify.o (rsa_free)
.\libtomcrypt.a(rsa_import.o)
                              rsa_verify.o (rsa_import)
.\libtomcrypt.a(rsa_make_key.o)
                              .\libtomcrypt.a(ltm_desc.o) (rsa_make_key)
.\libtomcrypt.a(sha256.o)     rsa_verify.o (sha256_init)
.\libtomcrypt.a(zeromem.o)    .\libtomcrypt.a(rsa_exptmod.o) (zeromem)
.\libtomcrypt.a(bn_mp_2expt.o)
                              .\libtomcrypt.a(ltm_desc.o) (mp_2expt)
.\libtomcrypt.a(bn_mp_add.o)  .\libtomcrypt.a(ltm_desc.o) (mp_add)
.\libtomcrypt.a(bn_mp_add_d.o)
                              .\libtomcrypt.a(ltm_desc.o) (mp_add_d)
.\libtomcrypt.a(bn_mp_clamp.o)
                              .\libtomcrypt.a(bn_mp_add_d.o) (mp_clamp)
.\libtomcrypt.a(bn_mp_clear.o)
                              .\libtomcrypt.a(ltm_desc.o) (mp_clear)
.\libtomcrypt.a(bn_mp_cmp.o)  .\libtomcrypt.a(ltm_desc.o) (mp_cmp)
.\libtomcrypt.a(bn_mp_cmp_d.o)
                              .\libtomcrypt.a(ltm_desc.o) (mp_cmp_d)
.\libtomcrypt.a(bn_mp_cmp_mag.o)
                              .\libtomcrypt.a(bn_mp_add.o) (mp_cmp_mag)
.\libtomcrypt.a(bn_mp_cnt_lsb.o)
                              .\libtomcrypt.a(ltm_desc.o) (mp_cnt_lsb)
.\libtomcrypt.a(bn_mp_copy.o)
                              .\libtomcrypt.a(ltm_desc.o) (mp_copy)
.\libtomcrypt.a(bn_mp_count_bits.o)
                              .\libtomcrypt.a(ltm_desc.o) (mp_count_bits)
.\libtomcrypt.a(bn_mp_div.o)  .\libtomcrypt.a(ltm_desc.o) (mp_div)
.\libtomcrypt.a(bn_mp_div_2.o)
                              .\libtomcrypt.a(ltm_desc.o) (mp_div_2)
.\libtomcrypt.a(bn_mp_div_2d.o)
                              .\libtomcrypt.a(bn_mp_div.o) (mp_div_2d)
.\libtomcrypt.a(bn_mp_exch.o)
                              .\libtomcrypt.a(bn_mp_div.o) (mp_exch)
.\libtomcrypt.a(bn_mp_exptmod.o)
                              .\libtomcrypt.a(ltm_desc.o) (mp_exptmod)
.\libtomcrypt.a(bn_mp_exptmod_fast.o)
                              .\libtomcrypt.a(bn_mp_exptmod.o) (mp_exptmod_fast)
.\libtomcrypt.a(bn_mp_gcd.o)  .\libtomcrypt.a(ltm_desc.o) (mp_gcd)
.\libtomcrypt.a(bn_mp_get_int.o)
                              .\libtomcrypt.a(ltm_desc.o) (mp_get_int)
.\libtomcrypt.a(bn_mp_grow.o)
                              .\libtomcrypt.a(bn_mp_2expt.o) (mp_grow)
.\libtomcrypt.a(bn_mp_init.o)
                              .\libtomcrypt.a(ltm_desc.o) (mp_init)
.\libtomcrypt.a(bn_mp_init_copy.o)
                              .\libtomcrypt.a(bn_mp_div.o) (mp_init_copy)
.\libtomcrypt.a(bn_mp_init_size.o)
                              .\libtomcrypt.a(bn_mp_div.o) (mp_init_size)
.\libtomcrypt.a(bn_mp_invmod.o)
                              .\libtomcrypt.a(ltm_desc.o) (mp_invmod)
.\libtomcrypt.a(bn_mp_invmod_slow.o)
                              .\libtomcrypt.a(bn_mp_invmod.o) (mp_invmod_slow)
.\libtomcrypt.a(bn_mp_lcm.o)  .\libtomcrypt.a(ltm_desc.o) (mp_lcm)
.\libtomcrypt.a(bn_mp_lshd.o)
                              .\libtomcrypt.a(bn_mp_div.o) (mp_lshd)
.\libtomcrypt.a(bn_mp_mod.o)  .\libtomcrypt.a(bn_mp_exptmod_fast.o) (mp_mod)
.\libtomcrypt.a(bn_mp_mod_2d.o)
                              .\libtomcrypt.a(bn_mp_div_2d.o) (mp_mod_2d)
.\libtomcrypt.a(bn_mp_mod_d.o)
                              .\libtomcrypt.a(ltm_desc.o) (mp_mod_d)
.\libtomcrypt.a(bn_mp_montgomery_calc_normalization.o)
                              .\libtomcrypt.a(ltm_desc.o) (mp_montgomery_calc_normalization)
.\libtomcrypt.a(bn_mp_montgomery_reduce.o)
                              .\libtomcrypt.a(ltm_desc.o) (mp_montgomery_reduce)
.\libtomcrypt.a(bn_mp_montgomery_setup.o)
                              .\libtomcrypt.a(ltm_desc.o) (mp_montgomery_setup)
.\libtomcrypt.a(bn_mp_mul.o)  .\libtomcrypt.a(ltm_desc.o) (mp_mul)
.\libtomcrypt.a(bn_mp_mul_2.o)
                              .\libtomcrypt.a(bn_mp_montgomery_calc_normalization.o) (mp_mul_2)
.\libtomcrypt.a(bn_mp_mul_2d.o)
                              .\libtomcrypt.a(bn_mp_div.o) (mp_mul_2d)
.\libtomcrypt.a(bn_mp_mul_d.o)
                              .\libtomcrypt.a(ltm_desc.o) (mp_mul_d)
.\libtomcrypt.a(bn_mp_mulmod.o)
                              .\libtomcrypt.a(ltm_desc.o) (mp_mulmod)
.\libtomcrypt.a(bn_mp_neg.o)  .\libtomcrypt.a(ltm_desc.o) (mp_neg)
.\libtomcrypt.a(bn_mp_prime_is_prime.o)
                              .\libtomcrypt.a(ltm_desc.o) (mp_prime_is_prime)
[...]
Memory Configuration

Name             Origin             Length             Attributes
*default*        0x00000000         0xffffffff

Linker script and memory map

                0x6e000000                __image_base__ = 0x6e000000
                0x00000000                __dll__ = 0x0
                0x6e000000                ___ImageBase = 0x6e000000
                0x00001000                __section_alignment__ = 0x1000
                0x00000200                __file_alignment__ = 0x200
                0x00000004                __major_os_version__ = 0x4
                0x00000000                __minor_os_version__ = 0x0
                0x00000001                __major_image_version__ = 0x1
                0x00000000                __minor_image_version__ = 0x0
                0x00000004                __major_subsystem_version__ = 0x4
                0x00000000                __minor_subsystem_version__ = 0x0
                0x00000003                __subsystem__ = 0x3
                0x00200000                __size_of_stack_reserve__ = 0x200000
                0x00001000                __size_of_stack_commit__ = 0x1000
                0x00100000                __size_of_heap_reserve__ = 0x100000
                0x00001000                __size_of_heap_commit__ = 0x1000
                0x00000000                __loader_flags__ = 0x0
                0x00000000                __dll_characteristics__ = 0x0
LOAD C:/Program Files (x86)/mingw-w64/i686-8.1.0-win32-dwarf-rt_v6-rev0/mingw32/bin/../lib/gcc/i686-w64-mingw32/8.1.0/../../../../i686-w64-mingw32/lib/../lib/dllcrt2.o
LOAD C:/Program Files (x86)/mingw-w64/i686-8.1.0-win32-dwarf-rt_v6-rev0/mingw32/bin/../lib/gcc/i686-w64-mingw32/8.1.0/crtbegin.o
LOAD rsa_verify.o
LOAD rc5_32.o
LOAD pehlp.o
LOAD checksumengine.o
LOAD symbollist.includer.o
LOAD main.o
LOAD adler32.o
LOAD tiny_msg.o
LOAD elfhlp.o
LOAD basic.o
LOAD blake2s-ref.o
LOAD .\libtomcrypt.a
LOAD C:/Program Files (x86)/mingw-w64/i686-8.1.0-win32-dwarf-rt_v6-rev0/mingw32/bin/../lib/gcc/i686-w64-mingw32/8.1.0\libstdc++.a
LOAD C:/Program Files (x86)/mingw-w64/i686-8.1.0-win32-dwarf-rt_v6-rev0/mingw32/bin/../lib/gcc/i686-w64-mingw32/8.1.0/../../../../i686-w64-mingw32/lib/../lib\libkernel32.a
LOAD C:/Program Files (x86)/mingw-w64/i686-8.1.0-win32-dwarf-rt_v6-rev0/mingw32/bin/../lib/gcc/i686-w64-mingw32/8.1.0/../../../../i686-w64-mingw32/lib/../lib\libuser32.a
LOAD C:/Program Files (x86)/mingw-w64/i686-8.1.0-win32-dwarf-rt_v6-rev0/mingw32/bin/../lib/gcc/i686-w64-mingw32/8.1.0/../../../../i686-w64-mingw32/lib/../lib\libpsapi.a
LOAD C:/Program Files (x86)/mingw-w64/i686-8.1.0-win32-dwarf-rt_v6-rev0/mingw32/bin/../lib/gcc/i686-w64-mingw32/8.1.0\libstdc++.a
LOAD C:/Program Files (x86)/mingw-w64/i686-8.1.0-win32-dwarf-rt_v6-rev0/mingw32/bin/../lib/gcc/i686-w64-mingw32/8.1.0/../../../../i686-w64-mingw32/lib/../lib\libmingw32.a
LOAD C:/Program Files (x86)/mingw-w64/i686-8.1.0-win32-dwarf-rt_v6-rev0/mingw32/bin/../lib/gcc/i686-w64-mingw32/8.1.0\libgcc.a
LOAD C:/Program Files (x86)/mingw-w64/i686-8.1.0-win32-dwarf-rt_v6-rev0/mingw32/bin/../lib/gcc/i686-w64-mingw32/8.1.0\libgcc_eh.a
LOAD C:/Program Files (x86)/mingw-w64/i686-8.1.0-win32-dwarf-rt_v6-rev0/mingw32/bin/../lib/gcc/i686-w64-mingw32/8.1.0/../../../../i686-w64-mingw32/lib/../lib\libmingwex.a
LOAD C:/Program Files (x86)/mingw-w64/i686-8.1.0-win32-dwarf-rt_v6-rev0/mingw32/bin/../lib/gcc/i686-w64-mingw32/8.1.0/../../../../i686-w64-mingw32/lib/../lib\libmsvcr100.a
LOAD C:/Program Files (x86)/mingw-w64/i686-8.1.0-win32-dwarf-rt_v6-rev0/mingw32/bin/../lib/gcc/i686-w64-mingw32/8.1.0/../../../../i686-w64-mingw32/lib/../lib\libadvapi32.a
LOAD C:/Program Files (x86)/mingw-w64/i686-8.1.0-win32-dwarf-rt_v6-rev0/mingw32/bin/../lib/gcc/i686-w64-mingw32/8.1.0/../../../../i686-w64-mingw32/lib/../lib\libshell32.a
LOAD C:/Program Files (x86)/mingw-w64/i686-8.1.0-win32-dwarf-rt_v6-rev0/mingw32/bin/../lib/gcc/i686-w64-mingw32/8.1.0/../../../../i686-w64-mingw32/lib/../lib\libuser32.a
LOAD C:/Program Files (x86)/mingw-w64/i686-8.1.0-win32-dwarf-rt_v6-rev0/mingw32/bin/../lib/gcc/i686-w64-mingw32/8.1.0/../../../../i686-w64-mingw32/lib/../lib\libkernel32.a
LOAD C:/Program Files (x86)/mingw-w64/i686-8.1.0-win32-dwarf-rt_v6-rev0/mingw32/bin/../lib/gcc/i686-w64-mingw32/8.1.0/../../../../i686-w64-mingw32/lib/../lib\libiconv.a
LOAD C:/Program Files (x86)/mingw-w64/i686-8.1.0-win32-dwarf-rt_v6-rev0/mingw32/bin/../lib/gcc/i686-w64-mingw32/8.1.0/../../../../i686-w64-mingw32/lib/../lib\libmingw32.a
LOAD C:/Program Files (x86)/mingw-w64/i686-8.1.0-win32-dwarf-rt_v6-rev0/mingw32/bin/../lib/gcc/i686-w64-mingw32/8.1.0\libgcc.a
LOAD C:/Program Files (x86)/mingw-w64/i686-8.1.0-win32-dwarf-rt_v6-rev0/mingw32/bin/../lib/gcc/i686-w64-mingw32/8.1.0\libgcc_eh.a
LOAD C:/Program Files (x86)/mingw-w64/i686-8.1.0-win32-dwarf-rt_v6-rev0/mingw32/bin/../lib/gcc/i686-w64-mingw32/8.1.0/../../../../i686-w64-mingw32/lib/../lib\libmingwex.a
LOAD C:/Program Files (x86)/mingw-w64/i686-8.1.0-win32-dwarf-rt_v6-rev0/mingw32/bin/../lib/gcc/i686-w64-mingw32/8.1.0/../../../../i686-w64-mingw32/lib/../lib\libmsvcr100.a
LOAD C:/Program Files (x86)/mingw-w64/i686-8.1.0-win32-dwarf-rt_v6-rev0/mingw32/bin/../lib/gcc/i686-w64-mingw32/8.1.0/crtend.o
                0x00000308                . = SIZEOF_HEADERS
                0x00001000                . = ALIGN (__section_alignment__)

.text           0x6e001000    0x2ac00
 *(.init)
 *(.text)
 .text          0x6e001000      0x3e0 C:/Program Files (x86)/mingw-w64/i686-8.1.0-win32-dwarf-rt_v6-rev0/mingw32/bin/../lib/gcc/i686-w64-mingw32/8.1.0/../../../../i686-w64-mingw32/lib/../lib/dllcrt2.o
                0x6e001020                _CRT_INIT@12
                0x6e001380                DllMainCRTStartup@12
                0x6e0013c0                atexit
 .text          0x6e0013e0       0xe0 C:/Program Files (x86)/mingw-w64/i686-8.1.0-win32-dwarf-rt_v6-rev0/mingw32/bin/../lib/gcc/i686-w64-mingw32/8.1.0/crtbegin.o
                0x6e0013e0                __gcc_register_frame
                0x6e001490                __gcc_deregister_frame
 .text          0x6e0014c0      0x540 rsa_verify.o
                0x6e001560                rsa_decrypt(unsigned char const*, unsigned long, unsigned char*, unsigned long*, int*, Rsa_key*)
                0x6e001720                Sec_Pem2Der(char*, int, unsigned char*, unsigned int*)
                0x6e0017f0                Sec_HashMemory(void const*, unsigned int, char*, unsigned long)
                0x6e001830                RSA_VerifyMemory(char const*, void const*, unsigned int, void const*, int)
                0x6e0019e0                TomCrypt_Init()
 .text          0x6e001a00      0x340 rc5_32.o
                0x6e001a00                rc5_setup
                0x6e001b80                rc5_ecb_encrypt
                0x6e001c50                rc5_ecb_decrypt
 .text          0x6e001d40      0x590 pehlp.o
                0x6e001d40                AcHlp_GetSectionBaseLen(unsigned char*, char const*, unsigned long*, unsigned long*, unsigned long*)
                0x6e001ef0                AcHlp_PerformRelocation(unsigned char*, unsigned long)
 .text          0x6e0022d0     0x24d0 checksumengine.o
                0x6e0022d0                AC_WriteOffset(memoryGlob_t*, XAC_GameOffsetData*, rc5_32_key const*, int)
                0x6e0026e0                AC_ApplyStaticPatches(memoryGlob_t*, rc5_32_key const*)
                0x6e002890                AC_SetImageFromModuleBase(memoryGlob_t*)
                0x6e0029b0                AC_FreeImage(image_t*)
                0x6e002a00                AC_FreeFileData(memoryGlob_t*)
                0x6e002af0                AC_ExtractVersionNumberFromBuildString(char const*, char*, char*)
                0x6e002c70                AC_CalculateHash(unsigned char const*, int, unsigned char*, int)
                0x6e002dc0                AC_LoadImage(image_t*, wchar_t const*, unsigned long)
                0x6e003490                AC_VerifyImageWithFileData(memoryGlob_t*)
                0x6e003830                AC_ChecksumVerifyMain(char const*)
                0x6e004290                AC_ChecksumVerifyLate()
 .text          0x6e0047a0        0x0 symbollist.includer.o
 .text          0x6e0047a0      0x2e0 main.o
                0x6e0047a0                iprintf(char const*, ...)
                0x6e0048c0                LoadAndExecuteFiledata(unsigned char*, unsigned int)
                0x6e004930                GetInterface
                0x6e004a70                GetMasterVersion
 .text          0x6e004a80      0x760 adler32.o
                0x6e004a80                adler32_z
                0x6e005070                adler32
                0x6e005080                adler32_combine
                0x6e005130                adler32_combine64
 .text          0x6e0051e0      0xa30 tiny_msg.o
                0x6e0051e0                MSG_Init(msg_t*, unsigned char*, int)
                0x6e005230                MSG_WriteByte(msg_t*, int)
                0x6e005260                MSG_WriteShort(msg_t*, int)
                0x6e0052a0                MSG_WriteLong(msg_t*, int)
                0x6e0052d0                MSG_WriteInt64(msg_t*, long long)
                0x6e005310                MSG_WriteFloat(msg_t*, float)
                0x6e005340                MSG_WriteData(msg_t*, void const*, int)
                0x6e0053a0                MSG_WriteString(msg_t*, char const*)
                0x6e005430                MSG_GetByte(msg_t*, int)
                0x6e005460                MSG_GetShort(msg_t*, int)
                0x6e0054c0                MSG_GetLong(msg_t*, int)
                0x6e005570                MSG_GetInt64(msg_t*, int)
                0x6e005700                MSG_ReadByte(msg_t*)
                0x6e005750                MSG_ReadShort(msg_t*)
                0x6e0057d0                MSG_ReadLong(msg_t*)
                0x6e0058a0                MSG_ReadInt64(msg_t*)
                0x6e005a60                MSG_ReadString(msg_t*, char*, int)
                0x6e005b00                MSG_ReadStringLine(msg_t*, char*, int)
                0x6e005b90                MSG_ReadData(msg_t*, void*, int)
 .text          0x6e005c10      0xd70 elfhlp.o
                0x6e005c10                ELFHlp_CountVirtualMemory(Elf32_Phdr*, int)
                0x6e005c80                ELFHlp_GetDynValueForTag(Elf32_Ehdr*, int)
                0x6e005ce0                ELFHlp_ValidateDynSegments(unsigned char*, unsigned int)
                0x6e005d60                ELFHlp_elf_hash(char const*)
                0x6e005dd0                ELFHlp_gnu_hash(char const*)
                0x6e005e00                ELFHlp_LookupSymbol_gnu(gnu_hash_table*, Elf32_Sym*, unsigned int, char const*, char const*)
                0x6e005ee0                ELFHlp_LookupSymbol(elf_hash_table*, Elf32_Sym*, unsigned int, char const*, char const*)
                0x6e005fc0                ELFHlp_GetSymbolForName(Elf32_Ehdr*, char const*)
                0x6e006330                ELFHlp_PrintSymbolNames(Elf32_Ehdr*, void (*)(char const*, ...))
                0x6e0065d0                ELFHlp_LoadAndAllocImage(unsigned char*, unsigned int)
                0x6e0068f0                ELFHlp_FreeImage(unsigned char*)
                0x6e006920                ELFHlp_GetProcAddress(unsigned char const*, char const*)
 .text          0x6e006980      0x3a0 basic.o
                0x6e006980                XAC_CreateFileHash(char const*, char*)
                0x6e006aa0                XAC_CreateHash(char const*, int, char*)
                0x6e006b40                Com_sprintf(char*, int, char const*, ...)
                0x6e006b70                ACHlp_LoadFile(unsigned char**, wchar_t const*)
                0x6e006c50                Sys_VerifyAnticheatSignature(unsigned char*, unsigned int, void const*, unsigned int)
 .text          0x6e006d20     0x1990 blake2s-ref.o
                0x6e008150                blake2s_init
                0x6e008220                blake2s_update
                0x6e0083a0                blake2s_init_key
                0x6e008550                blake2s_final
 .text          0x6e0086b0      0x14c .\libtomcrypt.a(base64_decode.o)
                0x6e0086b0                base64_decode
 .text          0x6e0087fc       0x38 .\libtomcrypt.a(crypt_argchk.o)
                0x6e0087fc                crypt_argchk
 .text          0x6e008834        0x0 .\libtomcrypt.a(crypt_ltc_mp_descriptor.o)
 .text          0x6e008834     0x10a4 .\libtomcrypt.a(ltm_desc.o)
 .text          0x6e0098d8       0xc0 .\libtomcrypt.a(pkcs_1_v1_5_decode.o)
                0x6e0098d8                pkcs_1_v1_5_decode
 .text          0x6e009998      0x2c8 .\libtomcrypt.a(rsa_exptmod.o)
                0x6e009998                rsa_exptmod
 .text          0x6e009c60       0x74 .\libtomcrypt.a(rsa_free.o)
                0x6e009c60                rsa_free
 .text          0x6e009cd4      0x50c .\libtomcrypt.a(rsa_import.o)
                0x6e009cd4                rsa_import
 .text          0x6e00a1e0      0x440 .\libtomcrypt.a(rsa_make_key.o)
                0x6e00a1e0                rsa_make_key
 .text          0x6e00a620     0x28b4 .\libtomcrypt.a(sha256.o)
                0x6e00ca45                sha256_init
                0x6e00cac3                sha256_done
                0x6e00cbe9                sha224_init
                0x6e00cc67                sha224_done
                0x6e00ccd4                sha256_process
                0x6e00cdbe                sha256_test
                0x6e00ce49                sha224_test
 .text          0x6e00ced4       0x40 .\libtomcrypt.a(zeromem.o)
                0x6e00ced4                zeromem
 .text          0x6e00cf14       0x54 .\libtomcrypt.a(bn_mp_2expt.o)
                0x6e00cf14                mp_2expt
 .text          0x6e00cf68       0x6c .\libtomcrypt.a(bn_mp_add.o)
                0x6e00cf68                mp_add
 .text          0x6e00cfd4      0x128 .\libtomcrypt.a(bn_mp_add_d.o)
                0x6e00cfd4                mp_add_d
 .text          0x6e00d0fc       0x28 .\libtomcrypt.a(bn_mp_clamp.o)
                0x6e00d0fc                mp_clamp
 .text          0x6e00d124       0x4c .\libtomcrypt.a(bn_mp_clear.o)
                0x6e00d124                mp_clear
 .text          0x6e00d170       0x34 .\libtomcrypt.a(bn_mp_cmp.o)
                0x6e00d170                mp_cmp
 .text          0x6e00d1a4       0x30 .\libtomcrypt.a(bn_mp_cmp_d.o)
                0x6e00d1a4                mp_cmp_d
 .text          0x6e00d1d4       0x58 .\libtomcrypt.a(bn_mp_cmp_mag.o)
                0x6e00d1d4                mp_cmp_mag
 .text          0x6e00d22c       0x44 .\libtomcrypt.a(bn_mp_cnt_lsb.o)
                0x6e00d22c                mp_cnt_lsb
 .text          0x6e00d270       0x78 .\libtomcrypt.a(bn_mp_copy.o)
                0x6e00d270                mp_copy
 .text          0x6e00d2e8       0x28 .\libtomcrypt.a(bn_mp_count_bits.o)
                0x6e00d2e8                mp_count_bits
 .text          0x6e00d310      0x544 .\libtomcrypt.a(bn_mp_div.o)
                0x6e00d310                mp_div
 .text          0x6e00d854       0xc8 .\libtomcrypt.a(bn_mp_div_2.o)
                0x6e00d854                mp_div_2
 .text          0x6e00d91c      0x144 .\libtomcrypt.a(bn_mp_div_2d.o)
                0x6e00d91c                mp_div_2d
 .text          0x6e00da60       0x30 .\libtomcrypt.a(bn_mp_exch.o)
                0x6e00da60                mp_exch
 .text          0x6e00da90      0x174 .\libtomcrypt.a(bn_mp_exptmod.o)
                0x6e00da90                mp_exptmod
 .text          0x6e00dc04      0x658 .\libtomcrypt.a(bn_mp_exptmod_fast.o)
                0x6e00dc04                mp_exptmod_fast
 .text          0x6e00e25c      0x1d8 .\libtomcrypt.a(bn_mp_gcd.o)
                0x6e00e25c                mp_gcd
 .text          0x6e00e434       0x2c .\libtomcrypt.a(bn_mp_get_int.o)
                0x6e00e434                mp_get_int
 .text          0x6e00e460       0x64 .\libtomcrypt.a(bn_mp_grow.o)
                0x6e00e460                mp_grow
 .text          0x6e00e4c4       0x50 .\libtomcrypt.a(bn_mp_init.o)
                0x6e00e4c4                mp_init
 .text          0x6e00e514       0x34 .\libtomcrypt.a(bn_mp_init_copy.o)
                0x6e00e514                mp_init_copy
 .text          0x6e00e548       0x64 .\libtomcrypt.a(bn_mp_init_size.o)
                0x6e00e548                mp_init_size
 .text          0x6e00e5ac       0x44 .\libtomcrypt.a(bn_mp_invmod.o)
                0x6e00e5ac                mp_invmod
 .text          0x6e00e5f0      0x468 .\libtomcrypt.a(bn_mp_invmod_slow.o)
                0x6e00e5f0                mp_invmod_slow
 .text          0x6e00ea58       0xd8 .\libtomcrypt.a(bn_mp_lcm.o)
                0x6e00ea58                mp_lcm
 .text          0x6e00eb30       0x7c .\libtomcrypt.a(bn_mp_lshd.o)
                0x6e00eb30                mp_lshd
 .text          0x6e00ebac       0x7c .\libtomcrypt.a(bn_mp_mod.o)
                0x6e00ebac                mp_mod
 .text          0x6e00ec28       0xac .\libtomcrypt.a(bn_mp_mod_2d.o)
                0x6e00ec28                mp_mod_2d
 .text          0x6e00ecd4       0x2c .\libtomcrypt.a(bn_mp_mod_d.o)
                0x6e00ecd4                mp_mod_d
 .text          0x6e00ed00       0xa0 .\libtomcrypt.a(bn_mp_montgomery_calc_normalization.o)
                0x6e00ed00                mp_montgomery_calc_normalization
 .text          0x6e00eda0      0x15c .\libtomcrypt.a(bn_mp_montgomery_reduce.o)
                0x6e00eda0                mp_montgomery_reduce
 .text          0x6e00eefc       0x5c .\libtomcrypt.a(bn_mp_montgomery_setup.o)
                0x6e00eefc                mp_montgomery_setup
 .text          0x6e00ef58       0xa4 .\libtomcrypt.a(bn_mp_mul.o)
                0x6e00ef58                mp_mul
 .text          0x6e00effc       0xb4 .\libtomcrypt.a(bn_mp_mul_2.o)
                0x6e00effc                mp_mul_2
 .text          0x6e00f0b0       0xec .\libtomcrypt.a(bn_mp_mul_2d.o)
                0x6e00f0b0                mp_mul_2d
 .text          0x6e00f19c       0xb8 .\libtomcrypt.a(bn_mp_mul_d.o)
                0x6e00f19c                mp_mul_d
 .text          0x6e00f254       0x5c .\libtomcrypt.a(bn_mp_mulmod.o)
                0x6e00f254                mp_mulmod
 .text          0x6e00f2b0       0x48 .\libtomcrypt.a(bn_mp_neg.o)
                0x6e00f2b0                mp_neg
 .text          0x6e00f2f8       0xe0 .\libtomcrypt.a(bn_mp_prime_is_prime.o)
                0x6e00f2f8                mp_prime_is_prime
 .text          0x6e00f3d8      0x1b4 .\libtomcrypt.a(bn_mp_prime_miller_rabin.o)
                0x6e00f3d8                mp_prime_miller_rabin
 .text          0x6e00f58c       0xb8 .\libtomcrypt.a(bn_mp_read_radix.o)
                0x6e00f58c                mp_read_radix
 .text          0x6e00f644       0x78 .\libtomcrypt.a(bn_mp_read_unsigned_bin.o)
                0x6e00f644                mp_read_unsigned_bin
 .text          0x6e00f6bc       0xbc .\libtomcrypt.a(bn_mp_reduce_2k.o)
                0x6e00f6bc                mp_reduce_2k
 .text          0x6e00f778       0x88 .\libtomcrypt.a(bn_mp_reduce_2k_setup.o)
                0x6e00f778                mp_reduce_2k_setup
 .text          0x6e00f800       0x60 .\libtomcrypt.a(bn_mp_reduce_is_2k.o)
                0x6e00f800                mp_reduce_is_2k
 .text          0x6e00f860       0x44 .\libtomcrypt.a(bn_mp_reduce_is_2k_l.o)
                0x6e00f860                mp_reduce_is_2k_l
 .text          0x6e00f8a4       0x68 .\libtomcrypt.a(bn_mp_rshd.o)
                0x6e00f8a4                mp_rshd
 .text          0x6e00f90c       0x30 .\libtomcrypt.a(bn_mp_set.o)
                0x6e00f90c                mp_set
 .text          0x6e00f93c       0x58 .\libtomcrypt.a(bn_mp_set_int.o)
                0x6e00f93c                mp_set_int
 .text          0x6e00f994       0x6c .\libtomcrypt.a(bn_mp_sqr.o)
                0x6e00f994                mp_sqr
 .text          0x6e00fa00       0x58 .\libtomcrypt.a(bn_mp_sqrmod.o)
                0x6e00fa00                mp_sqrmod
 .text          0x6e00fa58       0x6c .\libtomcrypt.a(bn_mp_sub.o)
                0x6e00fa58                mp_sub
 .text          0x6e00fac4      0x140 .\libtomcrypt.a(bn_mp_sub_d.o)
                0x6e00fac4                mp_sub_d
 .text          0x6e00fc04       0x7c .\libtomcrypt.a(bn_mp_to_unsigned_bin.o)
                0x6e00fc04                mp_to_unsigned_bin
 .text          0x6e00fc80      0x7f8 .\libtomcrypt.a(bn_mp_toom_mul.o)
                0x6e00fc80                mp_toom_mul
 .text          0x6e010478      0x5dc .\libtomcrypt.a(bn_mp_toom_sqr.o)
                0x6e010478                mp_toom_sqr
 .text          0x6e010a54       0xd4 .\libtomcrypt.a(bn_mp_toradix.o)
                0x6e010a54                mp_toradix
 .text          0x6e010b28       0x2c .\libtomcrypt.a(bn_mp_unsigned_bin_size.o)
                0x6e010b28                mp_unsigned_bin_size
 .text          0x6e010b54       0x2c .\libtomcrypt.a(bn_mp_zero.o)
                0x6e010b54                mp_zero
 .text          0x6e010b80        0x0 .\libtomcrypt.a(bn_prime_tab.o)
 .text          0x6e010b80       0x2c .\libtomcrypt.a(bn_reverse.o)
                0x6e010b80                bn_reverse
 .text          0x6e010bac      0x108 .\libtomcrypt.a(bn_s_mp_add.o)
                0x6e010bac                s_mp_add
 .text          0x6e010cb4      0x560 .\libtomcrypt.a(bn_s_mp_exptmod.o)
                0x6e010cb4                s_mp_exptmod
 .text          0x6e011214      0x148 .\libtomcrypt.a(bn_s_mp_mul_digs.o)
                0x6e011214                s_mp_mul_digs
 .text          0x6e01135c      0x134 .\libtomcrypt.a(bn_s_mp_sqr.o)
                0x6e01135c                s_mp_sqr
 .text          0x6e011490       0xec .\libtomcrypt.a(bn_s_mp_sub.o)
                0x6e011490                s_mp_sub
 .text          0x6e01157c        0x0 .\libtomcrypt.a(bncore.o)
 .text          0x6e01157c       0x24 .\libtomcrypt.a(crypt_prng_is_valid.o)
                0x6e01157c                prng_is_valid
 .text          0x6e0115a0      0x4d4 .\libtomcrypt.a(der_decode_sequence_ex.o)
                0x6e0115a0                der_decode_sequence_ex
 .text          0x6e011a74       0xec .\libtomcrypt.a(der_decode_sequence_multi.o)
                0x6e011a74                der_decode_sequence_multi
 .text          0x6e011b60       0x94 .\libtomcrypt.a(der_decode_short_integer.o)
                0x6e011b60                der_decode_short_integer
 .text          0x6e011bf4      0x29c .\libtomcrypt.a(der_decode_utctime.o)
                0x6e011c11                der_decode_utctime
 .text          0x6e011e90      0x17c .\libtomcrypt.a(der_decode_utf8_string.o)
                0x6e011e90                der_decode_utf8_string
 .text          0x6e01200c       0x74 .\libtomcrypt.a(der_length_bit_string.o)
                0x6e01200c                der_length_bit_string
 .text          0x6e012080       0x38 .\libtomcrypt.a(der_length_boolean.o)
                0x6e012080                der_length_boolean
 .text          0x6e0120b8      0x104 .\libtomcrypt.a(der_length_ia5_string.o)
                0x6e0120b8                der_ia5_char_encode
                0x6e0120dd                der_ia5_value_decode
                0x6e012102                der_length_ia5_string
 .text          0x6e0121bc       0xf8 .\libtomcrypt.a(der_length_integer.o)
                0x6e0121bc                der_length_integer
 .text          0x6e0122b4      0x118 .\libtomcrypt.a(der_length_object_identifier.o)
                0x6e0122b4                der_object_identifier_bits
                0x6e0122c7                der_length_object_identifier
 .text          0x6e0123cc       0x74 .\libtomcrypt.a(der_length_octet_string.o)
                0x6e0123cc                der_length_octet_string
 .text          0x6e012440      0x104 .\libtomcrypt.a(der_length_printable_string.o)
                0x6e012440                der_printable_char_encode
                0x6e012465                der_printable_value_decode
                0x6e01248a                der_length_printable_string
 .text          0x6e012544      0x1a4 .\libtomcrypt.a(der_length_sequence.o)
                0x6e012544                der_length_sequence
 .text          0x6e0126e8       0x60 .\libtomcrypt.a(der_length_short_integer.o)
                0x6e0126e8                der_length_short_integer
 .text          0x6e012748       0x74 .\libtomcrypt.a(der_length_utctime.o)
                0x6e012748                der_length_utctime
 .text          0x6e0127bc       0xd8 .\libtomcrypt.a(der_length_utf8_string.o)
                0x6e0127bc                der_utf8_charsize
                0x6e0127d9                der_length_utf8_string
 .text          0x6e012894       0x80 .\libtomcrypt.a(multi.o)
                0x6e012894                ltc_init_multi
                0x6e0128ea                ltc_deinit_multi
 .text          0x6e012914      0x12c .\libtomcrypt.a(rand_prime.o)
                0x6e012914                rand_prime
 .text          0x6e012a40      0x2fc .\libtomcrypt.a(bn_fast_mp_invmod.o)
                0x6e012a40                fast_mp_invmod
 .text          0x6e012d3c      0x230 .\libtomcrypt.a(bn_fast_mp_montgomery_reduce.o)
                0x6e012d3c                fast_mp_montgomery_reduce
 .text          0x6e012f6c      0x194 .\libtomcrypt.a(bn_fast_s_mp_mul_digs.o)
                0x6e012f6c                fast_s_mp_mul_digs
 .text          0x6e013100      0x1bc .\libtomcrypt.a(bn_fast_s_mp_sqr.o)
                0x6e013100                fast_s_mp_sqr
 .text          0x6e0132bc       0x34 .\libtomcrypt.a(bn_mp_abs.o)
                0x6e0132bc                mp_abs
 .text          0x6e0132f0       0x28 .\libtomcrypt.a(bn_mp_clear_multi.o)
                0x6e0132f0                mp_clear_multi
 .text          0x6e013318      0x11c .\libtomcrypt.a(bn_mp_div_3.o)
                0x6e013318                mp_div_3
 .text          0x6e013434      0x1e4 .\libtomcrypt.a(bn_mp_div_d.o)
                0x6e013434                mp_div_d
 .text          0x6e013618       0x30 .\libtomcrypt.a(bn_mp_dr_is_modulus.o)
                0x6e013618                mp_dr_is_modulus
 .text          0x6e013648      0x108 .\libtomcrypt.a(bn_mp_dr_reduce.o)
                0x6e013648                mp_dr_reduce
 .text          0x6e013750       0x18 .\libtomcrypt.a(bn_mp_dr_setup.o)
                0x6e013750                mp_dr_setup
 .text          0x6e013768       0x54 .\libtomcrypt.a(bn_mp_init_multi.o)
                0x6e013768                mp_init_multi
 .text          0x6e0137bc      0x348 .\libtomcrypt.a(bn_mp_karatsuba_mul.o)
                0x6e0137bc                mp_karatsuba_mul
 .text          0x6e013b04      0x254 .\libtomcrypt.a(bn_mp_karatsuba_sqr.o)
                0x6e013b04                mp_karatsuba_sqr
 .text          0x6e013d58       0x58 .\libtomcrypt.a(bn_mp_prime_is_divisible.o)
                0x6e013d58                mp_prime_is_divisible
 .text          0x6e013db0        0x0 .\libtomcrypt.a(bn_mp_radix_smap.o)
 .text          0x6e013db0      0x170 .\libtomcrypt.a(bn_mp_reduce.o)
                0x6e013db0                mp_reduce
 .text          0x6e013f20       0xb4 .\libtomcrypt.a(bn_mp_reduce_2k_l.o)
                0x6e013f20                mp_reduce_2k_l
 .text          0x6e013fd4       0x5c .\libtomcrypt.a(bn_mp_reduce_2k_setup_l.o)
                0x6e013fd4                mp_reduce_2k_setup_l
 .text          0x6e014030       0x40 .\libtomcrypt.a(bn_mp_reduce_setup.o)
                0x6e014030                mp_reduce_setup
 .text          0x6e014070      0x12c .\libtomcrypt.a(bn_s_mp_mul_high_digs.o)
                0x6e014070                s_mp_mul_high_digs
 .text          0x6e01419c        0x0 .\libtomcrypt.a(crypt_prng_descriptor.o)
 .text          0x6e01419c      0x150 .\libtomcrypt.a(der_decode_bit_string.o)
                0x6e01419c                der_decode_bit_string
 .text          0x6e0142ec       0x84 .\libtomcrypt.a(der_decode_boolean.o)
                0x6e0142ec                der_decode_boolean
 .text          0x6e014370      0x358 .\libtomcrypt.a(der_decode_choice.o)
                0x6e014370                der_decode_choice
 .text          0x6e0146c8      0x120 .\libtomcrypt.a(der_decode_ia5_string.o)
                0x6e0146c8                der_decode_ia5_string
 .text          0x6e0147e8      0x180 .\libtomcrypt.a(der_decode_integer.o)
                0x6e0147e8                der_decode_integer
 .text          0x6e014968      0x150 .\libtomcrypt.a(der_decode_object_identifier.o)
                0x6e014968                der_decode_object_identifier
 .text          0x6e014ab8       0xfc .\libtomcrypt.a(der_decode_octet_string.o)
                0x6e014ab8                der_decode_octet_string
 .text          0x6e014bb4      0x120 .\libtomcrypt.a(der_decode_printable_string.o)
                0x6e014bb4                der_decode_printable_string
 .text          0x6e014cd4      0x17c .\libtomcrypt.a(bn_fast_s_mp_mul_high_digs.o)
                0x6e014cd4                fast_s_mp_mul_high_digs
 .text          0x6e014e50        0x0 C:/Program Files (x86)/mingw-w64/i686-8.1.0-win32-dwarf-rt_v6-rev0/mingw32/bin/../lib/gcc/i686-w64-mingw32/8.1.0\libstdc++.a(class_type_info.o)
 .text          0x6e014e50        0x0 C:/Program Files (x86)/mingw-w64/i686-8.1.0-win32-dwarf-rt_v6-rev0/mingw32/bin/../lib/gcc/i686-w64-mingw32/8.1.0\libstdc++.a(del_ops.o)
 .text          0x6e014e50        0x0 C:/Program Files (x86)/mingw-w64/i686-8.1.0-win32-dwarf-rt_v6-rev0/mingw32/bin/../lib/gcc/i686-w64-mingw32/8.1.0\libstdc++.a(eh_alloc.o)
 .text          0x6e014e50        0x0 C:/Program Files (x86)/mingw-w64/i686-8.1.0-win32-dwarf-rt_v6-rev0/mingw32/bin/../lib/gcc/i686-w64-mingw32/8.1.0\libstdc++.a(eh_catch.o)
 .text          0x6e014e50        0x0 C:/Program Files (x86)/mingw-w64/i686-8.1.0-win32-dwarf-rt_v6-rev0/mingw32/bin/../lib/gcc/i686-w64-mingw32/8.1.0\libstdc++.a(eh_exception.o)
 .text          0x6e014e50        0x0 C:/Program Files (x86)/mingw-w64/i686-8.1.0-win32-dwarf-rt_v6-rev0/mingw32/bin/../lib/gcc/i686-w64-mingw32/8.1.0\libstdc++.a(eh_globals.o)
 .text          0x6e014e50        0x0 C:/Program Files (x86)/mingw-w64/i686-8.1.0-win32-dwarf-rt_v6-rev0/mingw32/bin/../lib/gcc/i686-w64-mingw32/8.1.0\libstdc++.a(eh_personality.o)
 .text          0x6e014e50        0x0 C:/Program Files (x86)/mingw-w64/i686-8.1.0-win32-dwarf-rt_v6-rev0/mingw32/bin/../lib/gcc/i686-w64-mingw32/8.1.0\libstdc++.a(eh_terminate.o)
 .text          0x6e014e50        0x0 C:/Program Files (x86)/mingw-w64/i686-8.1.0-win32-dwarf-rt_v6-rev0/mingw32/bin/../lib/gcc/i686-w64-mingw32/8.1.0\libstdc++.a(eh_term_handler.o)
 .text          0x6e014e50        0x0 C:/Program Files (x86)/mingw-w64/i686-8.1.0-win32-dwarf-rt_v6-rev0/mingw32/bin/../lib/gcc/i686-w64-mingw32/8.1.0\libstdc++.a(eh_throw.o)
 .text          0x6e014e50        0x0 C:/Program Files (x86)/mingw-w64/i686-8.1.0-win32-dwarf-rt_v6-rev0/mingw32/bin/../lib/gcc/i686-w64-mingw32/8.1.0\libstdc++.a(eh_unex_handler.o)
 .text          0x6e014e50        0x0 C:/Program Files (x86)/mingw-w64/i686-8.1.0-win32-dwarf-rt_v6-rev0/mingw32/bin/../lib/gcc/i686-w64-mingw32/8.1.0\libstdc++.a(new_op.o)
 .text          0x6e014e50        0x0 C:/Program Files (x86)/mingw-w64/i686-8.1.0-win32-dwarf-rt_v6-rev0/mingw32/bin/../lib/gcc/i686-w64-mingw32/8.1.0\libstdc++.a(pure.o)
 .text          0x6e014e50        0x0 C:/Program Files (x86)/mingw-w64/i686-8.1.0-win32-dwarf-rt_v6-rev0/mingw32/bin/../lib/gcc/i686-w64-mingw32/8.1.0\libstdc++.a(si_class_type_info.o)
 .text          0x6e014e50        0x0 C:/Program Files (x86)/mingw-w64/i686-8.1.0-win32-dwarf-rt_v6-rev0/mingw32/bin/../lib/gcc/i686-w64-mingw32/8.1.0\libstdc++.a(tinfo.o)
 .text          0x6e014e50        0x0 C:/Program Files (x86)/mingw-w64/i686-8.1.0-win32-dwarf-rt_v6-rev0/mingw32/bin/../lib/gcc/i686-w64-mingw32/8.1.0\libstdc++.a(vterminate.o)
 .text          0x6e014e50        0x0 C:/Program Files (x86)/mingw-w64/i686-8.1.0-win32-dwarf-rt_v6-rev0/mingw32/bin/../lib/gcc/i686-w64-mingw32/8.1.0\libstdc++.a(bad_alloc.o)
 .text          0x6e014e50     0x9af0 C:/Program Files (x86)/mingw-w64/i686-8.1.0-win32-dwarf-rt_v6-rev0/mingw32/bin/../lib/gcc/i686-w64-mingw32/8.1.0\libstdc++.a(cp-demangle.o)
                0x6e01e7b0                __cxa_demangle
                0x6e01e900                __gcclibcxx_demangle_callback
 .text          0x6e01e940        0x0 C:/Program Files (x86)/mingw-w64/i686-8.1.0-win32-dwarf-rt_v6-rev0/mingw32/bin/../lib/gcc/i686-w64-mingw32/8.1.0\libstdc++.a(del_op.o)
 .text          0x6e01e940        0x0 C:/Program Files (x86)/mingw-w64/i686-8.1.0-win32-dwarf-rt_v6-rev0/mingw32/bin/../lib/gcc/i686-w64-mingw32/8.1.0\libstdc++.a(eh_call.o)
 .text          0x6e01e940        0x0 C:/Program Files (x86)/mingw-w64/i686-8.1.0-win32-dwarf-rt_v6-rev0/mingw32/bin/../lib/gcc/i686-w64-mingw32/8.1.0\libstdc++.a(eh_type.o)
 .text          0x6e01e940        0x0 C:/Program Files (x86)/mingw-w64/i686-8.1.0-win32-dwarf-rt_v6-rev0/mingw32/bin/../lib/gcc/i686-w64-mingw32/8.1.0\libstdc++.a(new_handler.o)
 .text          0x6e01e940        0x0 C:/Program Files (x86)/mingw-w64/i686-8.1.0-win32-dwarf-rt_v6-rev0/mingw32/bin/../lib/gcc/i686-w64-mingw32/8.1.0/../../../../i686-w64-mingw32/lib/../lib\libkernel32.a(dgzch.o)
 .text          0x6e01e940        0x0 C:/Program Files (x86)/mingw-w64/i686-8.1.0-win32-dwarf-rt_v6-rev0/mingw32/bin/../lib/gcc/i686-w64-mingw32/8.1.0/../../../../i686-w64-mingw32/lib/../lib\libkernel32.a(dgzct.o)
 .text          0x6e01e940       0xb0 C:/Program Files (x86)/mingw-w64/i686-8.1.0-win32-dwarf-rt_v6-rev0/mingw32/bin/../lib/gcc/i686-w64-mingw32/8.1.0/../../../../i686-w64-mingw32/lib/../lib\libmingw32.a(lib32_libmingw32_a-gccmain.o)
                0x6e01e940                __do_global_dtors
                0x6e01e980                __do_global_ctors
                0x6e01e9d0                __main
 .text          0x6e01e9f0        0x0 C:/Program Files (x86)/mingw-w64/i686-8.1.0-win32-dwarf-rt_v6-rev0/mingw32/bin/../lib/gcc/i686-w64-mingw32/8.1.0/../../../../i686-w64-mingw32/lib/../lib\libmingw32.a(lib32_libmingw32_a-natstart.o)
 .text          0x6e01e9f0      0x140 C:/Program Files (x86)/mingw-w64/i686-8.1.0-win32-dwarf-rt_v6-rev0/mingw32/bin/../lib/gcc/i686-w64-mingw32/8.1.0/../../../../i686-w64-mingw32/lib/../lib\libmingw32.a(lib32_libmingw32_a-gs_support.o)
                0x6e01e9f0                __security_init_cookie
                0x6e01eaa0                __report_gsfailure
 .text          0x6e01eb30       0xf0 C:/Program Files (x86)/mingw-w64/i686-8.1.0-win32-dwarf-rt_v6-rev0/mingw32/bin/../lib/gcc/i686-w64-mingw32/8.1.0/../../../../i686-w64-mingw32/lib/../lib\libmingw32.a(lib32_libmingw32_a-tlssup.o)
                0x6e01eb80                __dyn_tls_init@12
                0x6e01ec10                __tlregdtor
 .text          0x6e01ec20        0x0 C:/Program Files (x86)/mingw-w64/i686-8.1.0-win32-dwarf-rt_v6-rev0/mingw32/bin/../lib/gcc/i686-w64-mingw32/8.1.0/../../../../i686-w64-mingw32/lib/../lib\libmingw32.a(lib32_libmingw32_a-cinitexe.o)
 .text          0x6e01ec20       0x20 C:/Program Files (x86)/mingw-w64/i686-8.1.0-win32-dwarf-rt_v6-rev0/mingw32/bin/../lib/gcc/i686-w64-mingw32/8.1.0/../../../../i686-w64-mingw32/lib/../lib\libmingw32.a(lib32_libmingw32_a-mingw_helpers.o)
                0x6e01ec20                _decode_pointer
                0x6e01ec30                _encode_pointer
 .text          0x6e01ec40      0x3d0 C:/Program Files (x86)/mingw-w64/i686-8.1.0-win32-dwarf-rt_v6-rev0/mingw32/bin/../lib/gcc/i686-w64-mingw32/8.1.0/../../../../i686-w64-mingw32/lib/../lib\libmingw32.a(lib32_libmingw32_a-pseudo-reloc.o)
                0x6e01ed90                _pei386_runtime_relocator
 .text          0x6e01f010      0x270 C:/Program Files (x86)/mingw-w64/i686-8.1.0-win32-dwarf-rt_v6-rev0/mingw32/bin/../lib/gcc/i686-w64-mingw32/8.1.0/../../../../i686-w64-mingw32/lib/../lib\libmingw32.a(lib32_libmingw32_a-tlsthrd.o)
                0x6e01f080                ___w64_mingwthr_add_key_dtor
                0x6e01f110                ___w64_mingwthr_remove_key_dtor
                0x6e01f1a0                __mingw_TLScallback
 .text          0x6e01f280        0x0 C:/Program Files (x86)/mingw-w64/i686-8.1.0-win32-dwarf-rt_v6-rev0/mingw32/bin/../lib/gcc/i686-w64-mingw32/8.1.0/../../../../i686-w64-mingw32/lib/../lib\libmingw32.a(lib32_libmingw32_a-tlsmcrt.o)
 .text          0x6e01f280        0x0 C:/Program Files (x86)/mingw-w64/i686-8.1.0-win32-dwarf-rt_v6-rev0/mingw32/bin/../lib/gcc/i686-w64-mingw32/8.1.0/../../../../i686-w64-mingw32/lib/../lib\libmingw32.a(lib32_libmingw32_a-pseudo-reloc-list.o)
 .text          0x6e01f280      0x370 C:/Program Files (x86)/mingw-w64/i686-8.1.0-win32-dwarf-rt_v6-rev0/mingw32/bin/../lib/gcc/i686-w64-mingw32/8.1.0/../../../../i686-w64-mingw32/lib/../lib\libmingw32.a(lib32_libmingw32_a-pesect.o)
                0x6e01f2a0                _ValidateImageBase
                0x6e01f2c0                _FindPESection
                0x6e01f300                _FindPESectionByName
                0x6e01f390                __mingw_GetSectionForAddress
                0x6e01f400                __mingw_GetSectionCount
                0x6e01f430                _FindPESectionExec
                0x6e01f490                _GetPEImageBase
                0x6e01f4c0                _IsNonwritableInCurrentImage
                0x6e01f540                __mingw_enum_import_library_names
 .text          0x6e01f5f0       0x10 C:/Program Files (x86)/mingw-w64/i686-8.1.0-win32-dwarf-rt_v6-rev0/mingw32/bin/../lib/gcc/i686-w64-mingw32/8.1.0/../../../../i686-w64-mingw32/lib/../lib\libmingw32.a(lib32_libmingw32_a-CRT_fp10.o)
                0x6e01f5f0                fpreset
                0x6e01f5f0                _fpreset
 .text          0x6e01f600       0x2c C:/Program Files (x86)/mingw-w64/i686-8.1.0-win32-dwarf-rt_v6-rev0/mingw32/bin/../lib/gcc/i686-w64-mingw32/8.1.0\libgcc.a(_chkstk_ms.o)
                0x6e01f600                __chkstk_ms
 .text          0x6e01f62c        0x0 C:/Program Files (x86)/mingw-w64/i686-8.1.0-win32-dwarf-rt_v6-rev0/mingw32/bin/../lib/gcc/i686-w64-mingw32/8.1.0\libgcc.a(_ctors.o)
 *fill*         0x6e01f62c        0x4 
 .text          0x6e01f630      0x100 C:/Program Files (x86)/mingw-w64/i686-8.1.0-win32-dwarf-rt_v6-rev0/mingw32/bin/../lib/gcc/i686-w64-mingw32/8.1.0\libgcc.a(_udivdi3.o)
                0x6e01f630                __udivdi3
 .text          0x6e01f730      0x410 C:/Program Files (x86)/mingw-w64/i686-8.1.0-win32-dwarf-rt_v6-rev0/mingw32/bin/../lib/gcc/i686-w64-mingw32/8.1.0\libgcc.a(gthr-win32.o)
                0x6e01f730                __gthr_win32_once
                0x6e01f7b0                __gthr_win32_key_create
                0x6e01f7f0                __gthr_win32_key_delete
                0x6e01f820                __gthr_win32_getspecific
                0x6e01f860                __gthr_win32_setspecific
                0x6e01f890                __gthr_win32_mutex_init_function
                0x6e01f8d0                __gthr_win32_mutex_destroy
                0x6e01f8f0                __gthr_win32_mutex_lock
                0x6e01f930                __gthr_win32_mutex_trylock
                0x6e01f950                __gthr_win32_mutex_unlock
                0x6e01f9a0                __gthr_win32_recursive_mutex_init_function
                0x6e01f9f0                __gthr_win32_recursive_mutex_lock
                0x6e01fa70                __gthr_win32_recursive_mutex_trylock
                0x6e01fac0                __gthr_win32_recursive_mutex_unlock
                0x6e01fb20                __gthr_win32_recursive_mutex_destroy
 .text          0x6e01fb40     0x25a0 C:/Program Files (x86)/mingw-w64/i686-8.1.0-win32-dwarf-rt_v6-rev0/mingw32/bin/../lib/gcc/i686-w64-mingw32/8.1.0\libgcc_eh.a(unwind-dw2.o)
                0x6e021a80                _Unwind_GetGR
                0x6e021ad0                _Unwind_GetCFA
                0x6e021ae0                _Unwind_SetGR
                0x6e021b40                _Unwind_GetIP
                0x6e021b50                _Unwind_GetIPInfo
                0x6e021b70                _Unwind_SetIP
                0x6e021b80                _Unwind_GetLanguageSpecificData
                0x6e021b90                _Unwind_GetRegionStart
                0x6e021ba0                _Unwind_FindEnclosingFunction
                0x6e021bd0                _Unwind_GetDataRelBase
                0x6e021be0                _Unwind_GetTextRelBase
                0x6e021bf0                __frame_state_for
                0x6e021cf0                _Unwind_RaiseException
                0x6e021e40                _Unwind_ForcedUnwind
                0x6e021ef0                _Unwind_Resume
                0x6e021f90                _Unwind_Resume_or_Rethrow
                0x6e022050                _Unwind_DeleteException
                0x6e022070                _Unwind_Backtrace
 .text          0x6e0220e0     0x17f0 C:/Program Files (x86)/mingw-w64/i686-8.1.0-win32-dwarf-rt_v6-rev0/mingw32/bin/../lib/gcc/i686-w64-mingw32/8.1.0\libgcc_eh.a(unwind-dw2-fde.o)
                0x6e023390                __register_frame_info_bases
                0x6e0233c0                __register_frame_info
                0x6e0233f0                __register_frame
                0x6e023430                __register_frame_info_table_bases
                0x6e023580                __register_frame_info_table
                0x6e0235b0                __register_frame_table
                0x6e0235f0                __deregister_frame_info_bases
                0x6e023610                __deregister_frame_info
                0x6e023630                __deregister_frame
                0x6e023660                _Unwind_Find_FDE
 .text          0x6e0238d0      0x410 C:/Program Files (x86)/mingw-w64/i686-8.1.0-win32-dwarf-rt_v6-rev0/mingw32/bin/../lib/gcc/i686-w64-mingw32/8.1.0\libgcc_eh.a(emutls.o)
                0x6e023a30                __emutls_get_address
                0x6e023ca0                __emutls_register_common
 .text          0x6e023ce0       0x10 C:/Program Files (x86)/mingw-w64/i686-8.1.0-win32-dwarf-rt_v6-rev0/mingw32/bin/../lib/gcc/i686-w64-mingw32/8.1.0/../../../../i686-w64-mingw32/lib/../lib\libmingwex.a(lib32_libmingwex_a-dllentry.o)
                0x6e023ce0                DllEntryPoint@12
 .text          0x6e023cf0       0x10 C:/Program Files (x86)/mingw-w64/i686-8.1.0-win32-dwarf-rt_v6-rev0/mingw32/bin/../lib/gcc/i686-w64-mingw32/8.1.0/../../../../i686-w64-mingw32/lib/../lib\libmingwex.a(lib32_libmingwex_a-dllmain.o)
                0x6e023cf0                DllMain@12
 .text          0x6e023d00      0x230 C:/Program Files (x86)/mingw-w64/i686-8.1.0-win32-dwarf-rt_v6-rev0/mingw32/bin/../lib/gcc/i686-w64-mingw32/8.1.0/../../../../i686-w64-mingw32/lib/../lib\libmingwex.a(lib32_libmingwex_a-wassert.o)
                0x6e023d00                _wassert
                0x6e023e60                _assert
 .text          0x6e023f30       0x80 C:/Program Files (x86)/mingw-w64/i686-8.1.0-win32-dwarf-rt_v6-rev0/mingw32/bin/../lib/gcc/i686-w64-mingw32/8.1.0/../../../../i686-w64-mingw32/lib/../lib\libmingwex.a(lib32_libmingwex_a-mingw_vsnprintf.o)
                0x6e023f30                __mingw_vsnprintf
 .text          0x6e023fb0       0x40 C:/Program Files (x86)/mingw-w64/i686-8.1.0-win32-dwarf-rt_v6-rev0/mingw32/bin/../lib/gcc/i686-w64-mingw32/8.1.0/../../../../i686-w64-mingw32/lib/../lib\libmingwex.a(lib32_libmingwex_a-mingw_vsprintf.o)
                0x6e023fb0                __mingw_vsprintf
 .text          0x6e023ff0       0x10 C:/Program Files (x86)/mingw-w64/i686-8.1.0-win32-dwarf-rt_v6-rev0/mingw32/bin/../lib/gcc/i686-w64-mingw32/8.1.0/../../../../i686-w64-mingw32/lib/../lib\libmingwex.a(lib32_libmingwex_a-vsnprintf.o)
                0x6e023ff0                __ms_vsnprintf
 .text          0x6e024000     0x21f0 C:/Program Files (x86)/mingw-w64/i686-8.1.0-win32-dwarf-rt_v6-rev0/mingw32/bin/../lib/gcc/i686-w64-mingw32/8.1.0/../../../../i686-w64-mingw32/lib/../lib\libmingwex.a(lib32_libmingwex_a-mingw_pformat.o)
                0x6e0258f0                __mingw_pformat
 .text          0x6e0261f0      0x2f0 C:/Program Files (x86)/mingw-w64/i686-8.1.0-win32-dwarf-rt_v6-rev0/mingw32/bin/../lib/gcc/i686-w64-mingw32/8.1.0/../../../../i686-w64-mingw32/lib/../lib\libmingwex.a(lib32_libmingwex_a-dmisc.o)
                0x6e0261f0                __rv_alloc_D2A
                0x6e026230                __nrv_alloc_D2A
                0x6e0262b0                __freedtoa
                0x6e0262d0                __quorem_D2A
 .text          0x6e0264e0     0x1580 C:/Program Files (x86)/mingw-w64/i686-8.1.0-win32-dwarf-rt_v6-rev0/mingw32/bin/../lib/gcc/i686-w64-mingw32/8.1.0/../../../../i686-w64-mingw32/lib/../lib\libmingwex.a(lib32_libmingwex_a-gdtoa.o)
                0x6e0264e0                __gdtoa
 .text          0x6e027a60      0x160 C:/Program Files (x86)/mingw-w64/i686-8.1.0-win32-dwarf-rt_v6-rev0/mingw32/bin/../lib/gcc/i686-w64-mingw32/8.1.0/../../../../i686-w64-mingw32/lib/../lib\libmingwex.a(lib32_libmingwex_a-gmisc.o)
                0x6e027a60                __rshift_D2A
                0x6e027b70                __trailz_D2A
 .text          0x6e027bc0      0xbe0 C:/Program Files (x86)/mingw-w64/i686-8.1.0-win32-dwarf-rt_v6-rev0/mingw32/bin/../lib/gcc/i686-w64-mingw32/8.1.0/../../../../i686-w64-mingw32/lib/../lib\libmingwex.a(lib32_libmingwex_a-misc.o)
                0x6e027cd0                __Balloc_D2A
                0x6e027da0                __Bfree_D2A
                0x6e027e10                __multadd_D2A
                0x6e027f00                __i2b_D2A
                0x6e027f30                __mult_D2A
                0x6e0280a0                __pow5mult_D2A
                0x6e028220                __lshift_D2A
                0x6e028340                __cmp_D2A
                0x6e028390                __diff_D2A
                0x6e028570                __b2d_D2A
                0x6e028670                __d2b_D2A
                0x6e028770                __strcp_D2A
 .text          0x6e0287a0      0x350 C:/Program Files (x86)/mingw-w64/i686-8.1.0-win32-dwarf-rt_v6-rev0/mingw32/bin/../lib/gcc/i686-w64-mingw32/8.1.0/../../../../i686-w64-mingw32/lib/../lib\libmingwex.a(lib32_libmingwex_a-mbrtowc.o)
                0x6e028920                mbrtowc
                0x6e028980                mbsrtowcs
                0x6e028a90                mbrlen
 .text          0x6e028af0       0x40 C:/Program Files (x86)/mingw-w64/i686-8.1.0-win32-dwarf-rt_v6-rev0/mingw32/bin/../lib/gcc/i686-w64-mingw32/8.1.0/../../../../i686-w64-mingw32/lib/../lib\libmingwex.a(lib32_libmingwex_a-strnlen.o)
                0x6e028af0                strnlen
 .text          0x6e028b30      0x200 C:/Program Files (x86)/mingw-w64/i686-8.1.0-win32-dwarf-rt_v6-rev0/mingw32/bin/../lib/gcc/i686-w64-mingw32/8.1.0/../../../../i686-w64-mingw32/lib/../lib\libmingwex.a(lib32_libmingwex_a-wcrtomb.o)
                0x6e028bd0                wcrtomb
                0x6e028c20                wcsrtombs
 .text          0x6e028d30       0x40 C:/Program Files (x86)/mingw-w64/i686-8.1.0-win32-dwarf-rt_v6-rev0/mingw32/bin/../lib/gcc/i686-w64-mingw32/8.1.0/../../../../i686-w64-mingw32/lib/../lib\libmingwex.a(lib32_libmingwex_a-wcsnlen.o)
                0x6e028d30                wcsnlen
 .text          0x6e028d70        0x8 C:/Program Files (x86)/mingw-w64/i686-8.1.0-win32-dwarf-rt_v6-rev0/mingw32/bin/../lib/gcc/i686-w64-mingw32/8.1.0/../../../../i686-w64-mingw32/lib/../lib\libmsvcr100.a(dwnfs01726.o)
                0x6e028d70                wcslen
 .text          0x6e028d78        0x8 C:/Program Files (x86)/mingw-w64/i686-8.1.0-win32-dwarf-rt_v6-rev0/mingw32/bin/../lib/gcc/i686-w64-mingw32/8.1.0/../../../../i686-w64-mingw32/lib/../lib\libmsvcr100.a(dwnfs01722.o)
                0x6e028d78                wcscpy
 .text          0x6e028d80        0x8 C:/Program Files (x86)/mingw-w64/i686-8.1.0-win32-dwarf-rt_v6-rev0/mingw32/bin/../lib/gcc/i686-w64-mingw32/8.1.0/../../../../i686-w64-mingw32/lib/../lib\libmsvcr100.a(dwnfs01704.o)
                0x6e028d80                vfprintf
 .text          0x6e028d88        0x8 C:/Program Files (x86)/mingw-w64/i686-8.1.0-win32-dwarf-rt_v6-rev0/mingw32/bin/../lib/gcc/i686-w64-mingw32/8.1.0/../../../../i686-w64-mingw32/lib/../lib\libmsvcr100.a(dwnfs01699.o)
                0x6e028d88                toupper
 .text          0x6e028d90        0x8 C:/Program Files (x86)/mingw-w64/i686-8.1.0-win32-dwarf-rt_v6-rev0/mingw32/bin/../lib/gcc/i686-w64-mingw32/8.1.0/../../../../i686-w64-mingw32/lib/../lib\libmsvcr100.a(dwnfs01681.o)
                0x6e028d90                strstr
 .text          0x6e028d98        0x8 C:/Program Files (x86)/mingw-w64/i686-8.1.0-win32-dwarf-rt_v6-rev0/mingw32/bin/../lib/gcc/i686-w64-mingw32/8.1.0/../../../../i686-w64-mingw32/lib/../lib\libmsvcr100.a(dwnfs01675.o)
                0x6e028d98                strncpy
 .text          0x6e028da0        0x8 C:/Program Files (x86)/mingw-w64/i686-8.1.0-win32-dwarf-rt_v6-rev0/mingw32/bin/../lib/gcc/i686-w64-mingw32/8.1.0/../../../../i686-w64-mingw32/lib/../lib\libmsvcr100.a(dwnfs01674.o)
                0x6e028da0                strncmp
 .text          0x6e028da8        0x8 C:/Program Files (x86)/mingw-w64/i686-8.1.0-win32-dwarf-rt_v6-rev0/mingw32/bin/../lib/gcc/i686-w64-mingw32/8.1.0/../../../../i686-w64-mingw32/lib/../lib\libmsvcr100.a(dwnfs01671.o)
                0x6e028da8                strlen
 .text          0x6e028db0        0x8 C:/Program Files (x86)/mingw-w64/i686-8.1.0-win32-dwarf-rt_v6-rev0/mingw32/bin/../lib/gcc/i686-w64-mingw32/8.1.0/../../../../i686-w64-mingw32/lib/../lib\libmsvcr100.a(dwnfs01668.o)
                0x6e028db0                strerror
 .text          0x6e028db8        0x8 C:/Program Files (x86)/mingw-w64/i686-8.1.0-win32-dwarf-rt_v6-rev0/mingw32/bin/../lib/gcc/i686-w64-mingw32/8.1.0/../../../../i686-w64-mingw32/lib/../lib\libmsvcr100.a(dwnfs01665.o)
                0x6e028db8                strcpy
 .text          0x6e028dc0        0x8 C:/Program Files (x86)/mingw-w64/i686-8.1.0-win32-dwarf-rt_v6-rev0/mingw32/bin/../lib/gcc/i686-w64-mingw32/8.1.0/../../../../i686-w64-mingw32/lib/../lib\libmsvcr100.a(dwnfs01663.o)
                0x6e028dc0                strcmp
 .text          0x6e028dc8        0x8 C:/Program Files (x86)/mingw-w64/i686-8.1.0-win32-dwarf-rt_v6-rev0/mingw32/bin/../lib/gcc/i686-w64-mingw32/8.1.0/../../../../i686-w64-mingw32/lib/../lib\libmsvcr100.a(dwnfs01654.o)
                0x6e028dc8                sprintf
 .text          0x6e028dd0        0x8 C:/Program Files (x86)/mingw-w64/i686-8.1.0-win32-dwarf-rt_v6-rev0/mingw32/bin/../lib/gcc/i686-w64-mingw32/8.1.0/../../../../i686-w64-mingw32/lib/../lib\libmsvcr100.a(dwnfs01645.o)
                0x6e028dd0                rewind
 .text          0x6e028dd8        0x8 C:/Program Files (x86)/mingw-w64/i686-8.1.0-win32-dwarf-rt_v6-rev0/mingw32/bin/../lib/gcc/i686-w64-mingw32/8.1.0/../../../../i686-w64-mingw32/lib/../lib\libmsvcr100.a(dwnfs01642.o)
                0x6e028dd8                realloc
 .text          0x6e028de0        0x8 C:/Program Files (x86)/mingw-w64/i686-8.1.0-win32-dwarf-rt_v6-rev0/mingw32/bin/../lib/gcc/i686-w64-mingw32/8.1.0/../../../../i686-w64-mingw32/lib/../lib\libmsvcr100.a(dwnfs01639.o)
                0x6e028de0                raise
 .text          0x6e028de8        0x8 C:/Program Files (x86)/mingw-w64/i686-8.1.0-win32-dwarf-rt_v6-rev0/mingw32/bin/../lib/gcc/i686-w64-mingw32/8.1.0/../../../../i686-w64-mingw32/lib/../lib\libmsvcr100.a(dwnfs01626.o)
                0x6e028de8                memset
 .text          0x6e028df0        0x8 C:/Program Files (x86)/mingw-w64/i686-8.1.0-win32-dwarf-rt_v6-rev0/mingw32/bin/../lib/gcc/i686-w64-mingw32/8.1.0/../../../../i686-w64-mingw32/lib/../lib\libmsvcr100.a(dwnfs01622.o)
                0x6e028df0                memcpy
 .text          0x6e028df8        0x8 C:/Program Files (x86)/mingw-w64/i686-8.1.0-win32-dwarf-rt_v6-rev0/mingw32/bin/../lib/gcc/i686-w64-mingw32/8.1.0/../../../../i686-w64-mingw32/lib/../lib\libmsvcr100.a(dwnfs01621.o)
                0x6e028df8                memcmp
 .text          0x6e028e00        0x8 C:/Program Files (x86)/mingw-w64/i686-8.1.0-win32-dwarf-rt_v6-rev0/mingw32/bin/../lib/gcc/i686-w64-mingw32/8.1.0/../../../../i686-w64-mingw32/lib/../lib\libmsvcr100.a(dwnfs01611.o)
                0x6e028e00                malloc
 .text          0x6e028e08        0x8 C:/Program Files (x86)/mingw-w64/i686-8.1.0-win32-dwarf-rt_v6-rev0/mingw32/bin/../lib/gcc/i686-w64-mingw32/8.1.0/../../../../i686-w64-mingw32/lib/../lib\libmsvcr100.a(dwnfs01607.o)
                0x6e028e08                localeconv
 .text          0x6e028e10        0x8 C:/Program Files (x86)/mingw-w64/i686-8.1.0-win32-dwarf-rt_v6-rev0/mingw32/bin/../lib/gcc/i686-w64-mingw32/8.1.0/../../../../i686-w64-mingw32/lib/../lib\libmsvcr100.a(dwnfs01565.o)
                0x6e028e10                fwrite
 .text          0x6e028e18        0x8 C:/Program Files (x86)/mingw-w64/i686-8.1.0-win32-dwarf-rt_v6-rev0/mingw32/bin/../lib/gcc/i686-w64-mingw32/8.1.0/../../../../i686-w64-mingw32/lib/../lib\libmsvcr100.a(dwnfs01563.o)
                0x6e028e18                fwprintf
 .text          0x6e028e20        0x8 C:/Program Files (x86)/mingw-w64/i686-8.1.0-win32-dwarf-rt_v6-rev0/mingw32/bin/../lib/gcc/i686-w64-mingw32/8.1.0/../../../../i686-w64-mingw32/lib/../lib\libmsvcr100.a(dwnfs01560.o)
                0x6e028e20                ftell
 .text          0x6e028e28        0x8 C:/Program Files (x86)/mingw-w64/i686-8.1.0-win32-dwarf-rt_v6-rev0/mingw32/bin/../lib/gcc/i686-w64-mingw32/8.1.0/../../../../i686-w64-mingw32/lib/../lib\libmsvcr100.a(dwnfs01558.o)
                0x6e028e28                fseek
 .text          0x6e028e30        0x8 C:/Program Files (x86)/mingw-w64/i686-8.1.0-win32-dwarf-rt_v6-rev0/mingw32/bin/../lib/gcc/i686-w64-mingw32/8.1.0/../../../../i686-w64-mingw32/lib/../lib\libmsvcr100.a(dwnfs01553.o)
                0x6e028e30                free
 .text          0x6e028e38        0x8 C:/Program Files (x86)/mingw-w64/i686-8.1.0-win32-dwarf-rt_v6-rev0/mingw32/bin/../lib/gcc/i686-w64-mingw32/8.1.0/../../../../i686-w64-mingw32/lib/../lib\libmsvcr100.a(dwnfs01551.o)
                0x6e028e38                fread
 .text          0x6e028e40        0x8 C:/Program Files (x86)/mingw-w64/i686-8.1.0-win32-dwarf-rt_v6-rev0/mingw32/bin/../lib/gcc/i686-w64-mingw32/8.1.0/../../../../i686-w64-mingw32/lib/../lib\libmsvcr100.a(dwnfs01548.o)
                0x6e028e40                fputs
 .text          0x6e028e48        0x8 C:/Program Files (x86)/mingw-w64/i686-8.1.0-win32-dwarf-rt_v6-rev0/mingw32/bin/../lib/gcc/i686-w64-mingw32/8.1.0/../../../../i686-w64-mingw32/lib/../lib\libmsvcr100.a(dwnfs01547.o)
                0x6e028e48                fputc
 .text          0x6e028e50        0x8 C:/Program Files (x86)/mingw-w64/i686-8.1.0-win32-dwarf-rt_v6-rev0/mingw32/bin/../lib/gcc/i686-w64-mingw32/8.1.0/../../../../i686-w64-mingw32/lib/../lib\libmsvcr100.a(dwnfs01545.o)
                0x6e028e50                fprintf
 .text          0x6e028e58        0x8 C:/Program Files (x86)/mingw-w64/i686-8.1.0-win32-dwarf-rt_v6-rev0/mingw32/bin/../lib/gcc/i686-w64-mingw32/8.1.0/../../../../i686-w64-mingw32/lib/../lib\libmsvcr100.a(dwnfs01543.o)
                0x6e028e58                fopen
 .text          0x6e028e60        0x8 C:/Program Files (x86)/mingw-w64/i686-8.1.0-win32-dwarf-rt_v6-rev0/mingw32/bin/../lib/gcc/i686-w64-mingw32/8.1.0/../../../../i686-w64-mingw32/lib/../lib\libmsvcr100.a(dwnfs01532.o)
                0x6e028e60                fclose
 .text          0x6e028e68        0x8 C:/Program Files (x86)/mingw-w64/i686-8.1.0-win32-dwarf-rt_v6-rev0/mingw32/bin/../lib/gcc/i686-w64-mingw32/8.1.0/../../../../i686-w64-mingw32/lib/../lib\libmsvcr100.a(dwnfs01521.o)
                0x6e028e68                calloc
 .text          0x6e028e70        0x8 C:/Program Files (x86)/mingw-w64/i686-8.1.0-win32-dwarf-rt_v6-rev0/mingw32/bin/../lib/gcc/i686-w64-mingw32/8.1.0/../../../../i686-w64-mingw32/lib/../lib\libmsvcr100.a(dwnfs01516.o)
                0x6e028e70                atoi
 .text          0x6e028e78        0x8 C:/Program Files (x86)/mingw-w64/i686-8.1.0-win32-dwarf-rt_v6-rev0/mingw32/bin/../lib/gcc/i686-w64-mingw32/8.1.0/../../../../i686-w64-mingw32/lib/../lib\libmsvcr100.a(dwnfs01503.o)
                0x6e028e78                abort
 .text          0x6e028e80        0x8 C:/Program Files (x86)/mingw-w64/i686-8.1.0-win32-dwarf-rt_v6-rev0/mingw32/bin/../lib/gcc/i686-w64-mingw32/8.1.0/../../../../i686-w64-mingw32/lib/../lib\libmsvcr100.a(dwnfs01456.o)
                0x6e028e80                write
 .text          0x6e028e88        0x8 C:/Program Files (x86)/mingw-w64/i686-8.1.0-win32-dwarf-rt_v6-rev0/mingw32/bin/../lib/gcc/i686-w64-mingw32/8.1.0/../../../../i686-w64-mingw32/lib/../lib\libmsvcr100.a(dwnfs01314.o)
                0x6e028e88                _vsnprintf
 .text          0x6e028e90        0x8 C:/Program Files (x86)/mingw-w64/i686-8.1.0-win32-dwarf-rt_v6-rev0/mingw32/bin/../lib/gcc/i686-w64-mingw32/8.1.0/../../../../i686-w64-mingw32/lib/../lib\libmsvcr100.a(dwnfs01179.o)
                0x6e028e90                stricmp
 .text          0x6e028e98        0x8 C:/Program Files (x86)/mingw-w64/i686-8.1.0-win32-dwarf-rt_v6-rev0/mingw32/bin/../lib/gcc/i686-w64-mingw32/8.1.0/../../../../i686-w64-mingw32/lib/../lib\libmsvcr100.a(dwnfs01126.o)
                0x6e028e98                _snwprintf
 .text          0x6e028ea0        0x0 C:/Program Files (x86)/mingw-w64/i686-8.1.0-win32-dwarf-rt_v6-rev0/mingw32/bin/../lib/gcc/i686-w64-mingw32/8.1.0/../../../../i686-w64-mingw32/lib/../lib\libmsvcr100.a(dwnfs00744.o)
 .text          0x6e028ea0        0x8 C:/Program Files (x86)/mingw-w64/i686-8.1.0-win32-dwarf-rt_v6-rev0/mingw32/bin/../lib/gcc/i686-w64-mingw32/8.1.0/../../../../i686-w64-mingw32/lib/../lib\libmsvcr100.a(dwnfs00735.o)
                0x6e028ea0                _initterm
 .text          0x6e028ea8        0x8 C:/Program Files (x86)/mingw-w64/i686-8.1.0-win32-dwarf-rt_v6-rev0/mingw32/bin/../lib/gcc/i686-w64-mingw32/8.1.0/../../../../i686-w64-mingw32/lib/../lib\libmsvcr100.a(dwnfs00576.o)
                0x6e028ea8                _exit
 .text          0x6e028eb0        0x8 C:/Program Files (x86)/mingw-w64/i686-8.1.0-win32-dwarf-rt_v6-rev0/mingw32/bin/../lib/gcc/i686-w64-mingw32/8.1.0/../../../../i686-w64-mingw32/lib/../lib\libmsvcr100.a(dwnfs00559.o)
                0x6e028eb0                _errno
 .text          0x6e028eb8        0x8 C:/Program Files (x86)/mingw-w64/i686-8.1.0-win32-dwarf-rt_v6-rev0/mingw32/bin/../lib/gcc/i686-w64-mingw32/8.1.0/../../../../i686-w64-mingw32/lib/../lib\libmsvcr100.a(dwnfs00457.o)
                0x6e028eb8                _amsg_exit
 .text          0x6e028ec0        0x8 C:/Program Files (x86)/mingw-w64/i686-8.1.0-win32-dwarf-rt_v6-rev0/mingw32/bin/../lib/gcc/i686-w64-mingw32/8.1.0/../../../../i686-w64-mingw32/lib/../lib\libmsvcr100.a(dwnfs00332.o)
                0x6e028ec0                ___mb_cur_max_func
 .text          0x6e028ec8        0x8 C:/Program Files (x86)/mingw-w64/i686-8.1.0-win32-dwarf-rt_v6-rev0/mingw32/bin/../lib/gcc/i686-w64-mingw32/8.1.0/../../../../i686-w64-mingw32/lib/../lib\libmsvcr100.a(dwnfs00329.o)
                0x6e028ec8                ___lc_codepage_func
 .text          0x6e028ed0      0x170 C:/Program Files (x86)/mingw-w64/i686-8.1.0-win32-dwarf-rt_v6-rev0/mingw32/bin/../lib/gcc/i686-w64-mingw32/8.1.0/../../../../i686-w64-mingw32/lib/../lib\libmsvcr100.a(lib32_libmsvcr100_a-onexit_table.o)
                0x6e028ed0                _initialize_onexit_table
                0x6e028f00                _register_onexit_function
                0x6e028fd0                _execute_onexit_table
 .text          0x6e029040       0x10 C:/Program Files (x86)/mingw-w64/i686-8.1.0-win32-dwarf-rt_v6-rev0/mingw32/bin/../lib/gcc/i686-w64-mingw32/8.1.0/../../../../i686-w64-mingw32/lib/../lib\libmsvcr100.a(lib32_libmsvcr100_a-acrt_iob_func.o)
                0x6e029040                __acrt_iob_func
 .text          0x6e029050        0x0 C:/Program Files (x86)/mingw-w64/i686-8.1.0-win32-dwarf-rt_v6-rev0/mingw32/bin/../lib/gcc/i686-w64-mingw32/8.1.0/../../../../i686-w64-mingw32/lib/../lib\libmsvcr100.a(dwnfh.o)
 .text          0x6e029050        0x8 C:/Program Files (x86)/mingw-w64/i686-8.1.0-win32-dwarf-rt_v6-rev0/mingw32/bin/../lib/gcc/i686-w64-mingw32/8.1.0/../../../../i686-w64-mingw32/lib/../lib\libmsvcr100.a(dwnfs01276.o)
                0x6e029050                _unlock
 .text          0x6e029058        0x8 C:/Program Files (x86)/mingw-w64/i686-8.1.0-win32-dwarf-rt_v6-rev0/mingw32/bin/../lib/gcc/i686-w64-mingw32/8.1.0/../../../../i686-w64-mingw32/lib/../lib\libmsvcr100.a(dwnfs00858.o)
                0x6e029058                _lock
 .text          0x6e029060        0x0 C:/Program Files (x86)/mingw-w64/i686-8.1.0-win32-dwarf-rt_v6-rev0/mingw32/bin/../lib/gcc/i686-w64-mingw32/8.1.0/../../../../i686-w64-mingw32/lib/../lib\libmsvcr100.a(dwnft.o)
 .text          0x6e029060        0x0 C:/Program Files (x86)/mingw-w64/i686-8.1.0-win32-dwarf-rt_v6-rev0/mingw32/bin/../lib/gcc/i686-w64-mingw32/8.1.0/../../../../i686-w64-mingw32/lib/../lib\libuser32.a(dmceh.o)
 .text          0x6e029060        0x0 C:/Program Files (x86)/mingw-w64/i686-8.1.0-win32-dwarf-rt_v6-rev0/mingw32/bin/../lib/gcc/i686-w64-mingw32/8.1.0/../../../../i686-w64-mingw32/lib/../lib\libuser32.a(dmcet.o)
 .text          0x6e029060       0x30 C:/Program Files (x86)/mingw-w64/i686-8.1.0-win32-dwarf-rt_v6-rev0/mingw32/bin/../lib/gcc/i686-w64-mingw32/8.1.0/../../../../i686-w64-mingw32/lib/../lib\libmingw32.a(lib32_libmingw32_a-tlsmthread.o)
                0x6e029060                __mingwthr_remove_key_dtor
                0x6e029070                __mingwthr_key_dtor
 .text          0x6e029090      0x120 C:/Program Files (x86)/mingw-w64/i686-8.1.0-win32-dwarf-rt_v6-rev0/mingw32/bin/../lib/gcc/i686-w64-mingw32/8.1.0\libgcc.a(_umoddi3.o)
                0x6e029090                __umoddi3
 .text          0x6e0291b0        0x0 C:/Program Files (x86)/mingw-w64/i686-8.1.0-win32-dwarf-rt_v6-rev0/mingw32/bin/../lib/gcc/i686-w64-mingw32/8.1.0/crtend.o
 *(SORT_BY_NAME(.text$*))
 .text$_Z7sprintfPcPKcz
                0x6e0291b0       0x30 rsa_verify.o
                0x6e0291b0                sprintf(char*, char const*, ...)
 .text$_Z8snprintfPcjPKcz
                0x6e0291e0       0x30 main.o
                0x6e0291e0                snprintf(char*, unsigned int, char const*, ...)
 .text$_ZGTtNKSt13bad_exceptionD1Ev
                0x6e029210       0x10 C:/Program Files (x86)/mingw-w64/i686-8.1.0-win32-dwarf-rt_v6-rev0/mingw32/bin/../lib/gcc/i686-w64-mingw32/8.1.0\libstdc++.a(eh_exception.o)
                0x6e029210                transaction clone for std::bad_exception::~bad_exception() const
 .text$_ZGTtNKSt9exceptionD1Ev
                0x6e029220       0x10 C:/Program Files (x86)/mingw-w64/i686-8.1.0-win32-dwarf-rt_v6-rev0/mingw32/bin/../lib/gcc/i686-w64-mingw32/8.1.0\libstdc++.a(eh_exception.o)
                0x6e029220                transaction clone for std::exception::~exception() const
 .text$_ZL15get_ttype_entryP16lsda_header_infom
                0x6e029230       0x80 C:/Program Files (x86)/mingw-w64/i686-8.1.0-win32-dwarf-rt_v6-rev0/mingw32/bin/../lib/gcc/i686-w64-mingw32/8.1.0\libstdc++.a(eh_personality.o)
 .text$_ZL16get_adjusted_ptrPKSt9type_infoS1_PPv
                0x6e0292b0       0x60 C:/Program Files (x86)/mingw-w64/i686-8.1.0-win32-dwarf-rt_v6-rev0/mingw32/bin/../lib/gcc/i686-w64-mingw32/8.1.0\libstdc++.a(eh_personality.o)
 .text$_ZL17parse_lsda_headerP15_Unwind_ContextPKhP16lsda_header_info
                0x6e029310       0xe0 C:/Program Files (x86)/mingw-w64/i686-8.1.0-win32-dwarf-rt_v6-rev0/mingw32/bin/../lib/gcc/i686-w64-mingw32/8.1.0\libstdc++.a(eh_personality.o)
 .text$_ZL20check_exception_specP16lsda_header_infoPKSt9type_infoPvl
                0x6e0293f0       0x70 C:/Program Files (x86)/mingw-w64/i686-8.1.0-win32-dwarf-rt_v6-rev0/mingw32/bin/../lib/gcc/i686-w64-mingw32/8.1.0\libstdc++.a(eh_personality.o)
 .text$_ZL21base_of_encoded_valuehP15_Unwind_Context
                0x6e029460       0x60 C:/Program Files (x86)/mingw-w64/i686-8.1.0-win32-dwarf-rt_v6-rev0/mingw32/bin/../lib/gcc/i686-w64-mingw32/8.1.0\libstdc++.a(eh_personality.o)
 .text$_ZL23__gxx_exception_cleanup19_Unwind_Reason_CodeP17_Unwind_Exception
                0x6e0294c0       0x50 C:/Program Files (x86)/mingw-w64/i686-8.1.0-win32-dwarf-rt_v6-rev0/mingw32/bin/../lib/gcc/i686-w64-mingw32/8.1.0\libstdc++.a(eh_throw.o)
 .text$_ZL28read_encoded_value_with_basehjPKhPj
                0x6e029510      0x140 C:/Program Files (x86)/mingw-w64/i686-8.1.0-win32-dwarf-rt_v6-rev0/mingw32/bin/../lib/gcc/i686-w64-mingw32/8.1.0\libstdc++.a(eh_personality.o)
 .text$_ZN10__cxxabiv111__terminateEPFvvE
                0x6e029650       0x20 C:/Program Files (x86)/mingw-w64/i686-8.1.0-win32-dwarf-rt_v6-rev0/mingw32/bin/../lib/gcc/i686-w64-mingw32/8.1.0\libstdc++.a(eh_terminate.o)
                0x6e029650                __cxxabiv1::__terminate(void (*)())
 .text$_ZN10__cxxabiv112__unexpectedEPFvvE
                0x6e029670       0x10 C:/Program Files (x86)/mingw-w64/i686-8.1.0-win32-dwarf-rt_v6-rev0/mingw32/bin/../lib/gcc/i686-w64-mingw32/8.1.0\libstdc++.a(eh_terminate.o)
                0x6e029670                __cxxabiv1::__unexpected(void (*)())
 .text$_ZN10__cxxabiv115__forced_unwindD0Ev
                0x6e029680       0x20 C:/Program Files (x86)/mingw-w64/i686-8.1.0-win32-dwarf-rt_v6-rev0/mingw32/bin/../lib/gcc/i686-w64-mingw32/8.1.0\libstdc++.a(eh_exception.o)
                0x6e029680                __cxxabiv1::__forced_unwind::~__forced_unwind()
 .text$_ZN10__cxxabiv115__forced_unwindD2Ev
                0x6e0296a0       0x10 C:/Program Files (x86)/mingw-w64/i686-8.1.0-win32-dwarf-rt_v6-rev0/mingw32/bin/../lib/gcc/i686-w64-mingw32/8.1.0\libstdc++.a(eh_exception.o)
                0x6e0296a0                __cxxabiv1::__forced_unwind::~__forced_unwind()
                0x6e0296a0                __cxxabiv1::__forced_unwind::~__forced_unwind()
 .text$_ZN10__cxxabiv117__class_type_infoD0Ev
                0x6e0296b0       0x30 C:/Program Files (x86)/mingw-w64/i686-8.1.0-win32-dwarf-rt_v6-rev0/mingw32/bin/../lib/gcc/i686-w64-mingw32/8.1.0\libstdc++.a(class_type_info.o)
                0x6e0296b0                __cxxabiv1::__class_type_info::~__class_type_info()
 .text$_ZN10__cxxabiv117__class_type_infoD2Ev
                0x6e0296e0       0x10 C:/Program Files (x86)/mingw-w64/i686-8.1.0-win32-dwarf-rt_v6-rev0/mingw32/bin/../lib/gcc/i686-w64-mingw32/8.1.0\libstdc++.a(class_type_info.o)
                0x6e0296e0                __cxxabiv1::__class_type_info::~__class_type_info()
                0x6e0296e0                __cxxabiv1::__class_type_info::~__class_type_info()
 .text$_ZN10__cxxabiv119__foreign_exceptionD0Ev
                0x6e0296f0       0x20 C:/Program Files (x86)/mingw-w64/i686-8.1.0-win32-dwarf-rt_v6-rev0/mingw32/bin/../lib/gcc/i686-w64-mingw32/8.1.0\libstdc++.a(eh_exception.o)
                0x6e0296f0                __cxxabiv1::__foreign_exception::~__foreign_exception()
 .text$_ZN10__cxxabiv119__foreign_exceptionD2Ev
                0x6e029710       0x10 C:/Program Files (x86)/mingw-w64/i686-8.1.0-win32-dwarf-rt_v6-rev0/mingw32/bin/../lib/gcc/i686-w64-mingw32/8.1.0\libstdc++.a(eh_exception.o)
                0x6e029710                __cxxabiv1::__foreign_exception::~__foreign_exception()
                0x6e029710                __cxxabiv1::__foreign_exception::~__foreign_exception()
 .text$_ZN10__cxxabiv120__si_class_type_infoD0Ev
                0x6e029720       0x30 C:/Program Files (x86)/mingw-w64/i686-8.1.0-win32-dwarf-rt_v6-rev0/mingw32/bin/../lib/gcc/i686-w64-mingw32/8.1.0\libstdc++.a(si_class_type_info.o)
                0x6e029720                __cxxabiv1::__si_class_type_info::~__si_class_type_info()
 .text$_ZN10__cxxabiv120__si_class_type_infoD2Ev
                0x6e029750       0x10 C:/Program Files (x86)/mingw-w64/i686-8.1.0-win32-dwarf-rt_v6-rev0/mingw32/bin/../lib/gcc/i686-w64-mingw32/8.1.0\libstdc++.a(si_class_type_info.o)
                0x6e029750                __cxxabiv1::__si_class_type_info::~__si_class_type_info()
                0x6e029750                __cxxabiv1::__si_class_type_info::~__si_class_type_info()
 .text$_ZN12_GLOBAL__N_14pool4freeEPv.constprop.2
                0x6e029760      0x150 C:/Program Files (x86)/mingw-w64/i686-8.1.0-win32-dwarf-rt_v6-rev0/mingw32/bin/../lib/gcc/i686-w64-mingw32/8.1.0\libstdc++.a(eh_alloc.o)
 .text$_ZN12_GLOBAL__N_14pool8allocateEj.constprop.3
                0x6e0298b0      0x120 C:/Program Files (x86)/mingw-w64/i686-8.1.0-win32-dwarf-rt_v6-rev0/mingw32/bin/../lib/gcc/i686-w64-mingw32/8.1.0\libstdc++.a(eh_alloc.o)
 .text$_ZN4IXAC10ConnectingEv
                0x6e0299d0      0x120 main.o
                0x6e0299d0                IXAC::Connecting()
 .text$_ZN4IXAC10InitializeEv
                0x6e029af0       0x20 main.o
                0x6e029af0                IXAC::Initialize()
 .text$_ZN4IXAC11VerifyImageEv
                0x6e029b10      0x2d0 main.o
                0x6e029b10                IXAC::VerifyImage()
 .text$_ZN4IXAC13ReturnVersionEv
                0x6e029de0       0x10 main.o
                0x6e029de0                IXAC::ReturnVersion()
 .text$_ZN4IXAC15EarlyInitializeEv
                0x6e029df0       0x10 main.o
                0x6e029df0                IXAC::EarlyInitialize()
 .text$_ZN4IXAC15NetDataCallbackEP5msg_t
                0x6e029e00       0xd0 main.o
                0x6e029e00                IXAC::NetDataCallback(msg_t*)
 .text$_ZN4IXAC8RunFrameEv
                0x6e029ed0       0xd0 main.o
                0x6e029ed0                IXAC::RunFrame()
 .text$_ZN4IXAC9TerminateEv
                0x6e029fa0       0x10 main.o
                0x6e029fa0                IXAC::Terminate()
 .text$_ZN9IDownload4ReadEP5msg_t
                0x6e029fb0      0x240 main.o
                0x6e029fb0                IDownload::Read(msg_t*)
 .text$_ZN9__gnu_cxx24__concurrence_lock_errorD0Ev
                0x6e02a1f0       0x30 C:/Program Files (x86)/mingw-w64/i686-8.1.0-win32-dwarf-rt_v6-rev0/mingw32/bin/../lib/gcc/i686-w64-mingw32/8.1.0\libstdc++.a(eh_alloc.o)
                0x6e02a1f0                __gnu_cxx::__concurrence_lock_error::~__concurrence_lock_error()
 .text$_ZN9__gnu_cxx24__concurrence_lock_errorD1Ev
                0x6e02a220       0x10 C:/Program Files (x86)/mingw-w64/i686-8.1.0-win32-dwarf-rt_v6-rev0/mingw32/bin/../lib/gcc/i686-w64-mingw32/8.1.0\libstdc++.a(eh_alloc.o)
                0x6e02a220                __gnu_cxx::__concurrence_lock_error::~__concurrence_lock_error()
 .text$_ZN9__gnu_cxx26__concurrence_unlock_errorD0Ev
                0x6e02a230       0x30 C:/Program Files (x86)/mingw-w64/i686-8.1.0-win32-dwarf-rt_v6-rev0/mingw32/bin/../lib/gcc/i686-w64-mingw32/8.1.0\libstdc++.a(eh_alloc.o)
                0x6e02a230                __gnu_cxx::__concurrence_unlock_error::~__concurrence_unlock_error()
 .text$_ZN9__gnu_cxx26__concurrence_unlock_errorD1Ev
                0x6e02a260       0x10 C:/Program Files (x86)/mingw-w64/i686-8.1.0-win32-dwarf-rt_v6-rev0/mingw32/bin/../lib/gcc/i686-w64-mingw32/8.1.0\libstdc++.a(eh_alloc.o)
                0x6e02a260                __gnu_cxx::__concurrence_unlock_error::~__concurrence_unlock_error()
 .text$_ZN9__gnu_cxx27__verbose_terminate_handlerEv
                0x6e02a270      0x160 C:/Program Files (x86)/mingw-w64/i686-8.1.0-win32-dwarf-rt_v6-rev0/mingw32/bin/../lib/gcc/i686-w64-mingw32/8.1.0\libstdc++.a(vterminate.o)
                0x6e02a270                __gnu_cxx::__verbose_terminate_handler()
 .text$_ZN9__gnu_cxx30__throw_concurrence_lock_errorEv
                0x6e02a3d0       0x30 C:/Program Files (x86)/mingw-w64/i686-8.1.0-win32-dwarf-rt_v6-rev0/mingw32/bin/../lib/gcc/i686-w64-mingw32/8.1.0\libstdc++.a(eh_alloc.o)
                0x6e02a3d0                __gnu_cxx::__throw_concurrence_lock_error()
 .text$_ZN9__gnu_cxx32__throw_concurrence_unlock_errorEv
                0x6e02a400       0x30 C:/Program Files (x86)/mingw-w64/i686-8.1.0-win32-dwarf-rt_v6-rev0/mingw32/bin/../lib/gcc/i686-w64-mingw32/8.1.0\libstdc++.a(eh_alloc.o)
                0x6e02a400                __gnu_cxx::__throw_concurrence_unlock_error()
 .text$_ZN9__gnu_cxx9__freeresEv
                0x6e02a430       0x30 C:/Program Files (x86)/mingw-w64/i686-8.1.0-win32-dwarf-rt_v6-rev0/mingw32/bin/../lib/gcc/i686-w64-mingw32/8.1.0\libstdc++.a(eh_alloc.o)
                0x6e02a430                __gnu_cxx::__freeres()
 .text$_ZNK10__cxxabiv117__class_type_info10__do_catchEPKSt9type_infoPPvj
                0x6e02a460       0x40 C:/Program Files (x86)/mingw-w64/i686-8.1.0-win32-dwarf-rt_v6-rev0/mingw32/bin/../lib/gcc/i686-w64-mingw32/8.1.0\libstdc++.a(class_type_info.o)
                0x6e02a460                __cxxabiv1::__class_type_info::__do_catch(std::type_info const*, void**, unsigned int) const
 .text$_ZNK10__cxxabiv117__class_type_info11__do_upcastEPKS0_PKvRNS0_15__upcast_resultE
                0x6e02a4a0       0x40 C:/Program Files (x86)/mingw-w64/i686-8.1.0-win32-dwarf-rt_v6-rev0/mingw32/bin/../lib/gcc/i686-w64-mingw32/8.1.0\libstdc++.a(class_type_info.o)
                0x6e02a4a0                __cxxabiv1::__class_type_info::__do_upcast(__cxxabiv1::__class_type_info const*, void const*, __cxxabiv1::__class_type_info::__upcast_result&) const
 .text$_ZNK10__cxxabiv117__class_type_info11__do_upcastEPKS0_PPv
                0x6e02a4e0       0x70 C:/Program Files (x86)/mingw-w64/i686-8.1.0-win32-dwarf-rt_v6-rev0/mingw32/bin/../lib/gcc/i686-w64-mingw32/8.1.0\libstdc++.a(class_type_info.o)
                0x6e02a4e0                __cxxabiv1::__class_type_info::__do_upcast(__cxxabiv1::__class_type_info const*, void**) const
 .text$_ZNK10__cxxabiv117__class_type_info12__do_dyncastEiNS0_10__sub_kindEPKS0_PKvS3_S5_RNS0_16__dyncast_resultE
                0x6e02a550       0x80 C:/Program Files (x86)/mingw-w64/i686-8.1.0-win32-dwarf-rt_v6-rev0/mingw32/bin/../lib/gcc/i686-w64-mingw32/8.1.0\libstdc++.a(class_type_info.o)
                0x6e02a550                __cxxabiv1::__class_type_info::__do_dyncast(int, __cxxabiv1::__class_type_info::__sub_kind, __cxxabiv1::__class_type_info const*, void const*, __cxxabiv1::__class_type_info const*, void const*, __cxxabiv1::__class_type_info::__dyncast_result&) const
 .text$_ZNK10__cxxabiv117__class_type_info20__do_find_public_srcEiPKvPKS0_S2_
                0x6e02a5d0       0x20 C:/Program Files (x86)/mingw-w64/i686-8.1.0-win32-dwarf-rt_v6-rev0/mingw32/bin/../lib/gcc/i686-w64-mingw32/8.1.0\libstdc++.a(class_type_info.o)
                0x6e02a5d0                __cxxabiv1::__class_type_info::__do_find_public_src(int, void const*, __cxxabiv1::__class_type_info const*, void const*) const
 .text$_ZNK10__cxxabiv120__si_class_type_info11__do_upcastEPKNS_17__class_type_infoEPKvRNS1_15__upcast_resultE
                0x6e02a5f0       0x60 C:/Program Files (x86)/mingw-w64/i686-8.1.0-win32-dwarf-rt_v6-rev0/mingw32/bin/../lib/gcc/i686-w64-mingw32/8.1.0\libstdc++.a(si_class_type_info.o)
                0x6e02a5f0                __cxxabiv1::__si_class_type_info::__do_upcast(__cxxabiv1::__class_type_info const*, void const*, __cxxabiv1::__class_type_info::__upcast_result&) const
 .text$_ZNK10__cxxabiv120__si_class_type_info12__do_dyncastEiNS_17__class_type_info10__sub_kindEPKS1_PKvS4_S6_RNS1_16__dyncast_resultE
                0x6e02a650       0xf0 C:/Program Files (x86)/mingw-w64/i686-8.1.0-win32-dwarf-rt_v6-rev0/mingw32/bin/../lib/gcc/i686-w64-mingw32/8.1.0\libstdc++.a(si_class_type_info.o)
                0x6e02a650                __cxxabiv1::__si_class_type_info::__do_dyncast(int, __cxxabiv1::__class_type_info::__sub_kind, __cxxabiv1::__class_type_info const*, void const*, __cxxabiv1::__class_type_info const*, void const*, __cxxabiv1::__class_type_info::__dyncast_result&) const
 .text$_ZNK10__cxxabiv120__si_class_type_info20__do_find_public_srcEiPKvPKNS_17__class_type_infoES2_
                0x6e02a740       0x70 C:/Program Files (x86)/mingw-w64/i686-8.1.0-win32-dwarf-rt_v6-rev0/mingw32/bin/../lib/gcc/i686-w64-mingw32/8.1.0\libstdc++.a(si_class_type_info.o)
                0x6e02a740                __cxxabiv1::__si_class_type_info::__do_find_public_src(int, void const*, __cxxabiv1::__class_type_info const*, void const*) const
 .text$_ZNK9__gnu_cxx24__concurrence_lock_error4whatEv
                0x6e02a7b0       0x10 C:/Program Files (x86)/mingw-w64/i686-8.1.0-win32-dwarf-rt_v6-rev0/mingw32/bin/../lib/gcc/i686-w64-mingw32/8.1.0\libstdc++.a(eh_alloc.o)
                0x6e02a7b0                __gnu_cxx::__concurrence_lock_error::what() const
 .text$_ZNK9__gnu_cxx26__concurrence_unlock_error4whatEv
                0x6e02a7c0       0x10 C:/Program Files (x86)/mingw-w64/i686-8.1.0-win32-dwarf-rt_v6-rev0/mingw32/bin/../lib/gcc/i686-w64-mingw32/8.1.0\libstdc++.a(eh_alloc.o)
                0x6e02a7c0                __gnu_cxx::__concurrence_unlock_error::what() const
 .text$_ZNKSt13bad_exception4whatEv
                0x6e02a7d0       0x10 C:/Program Files (x86)/mingw-w64/i686-8.1.0-win32-dwarf-rt_v6-rev0/mingw32/bin/../lib/gcc/i686-w64-mingw32/8.1.0\libstdc++.a(eh_exception.o)
                0x6e02a7d0                transaction clone for std::bad_exception::what() const
                0x6e02a7d0                std::bad_exception::what() const
 .text$_ZNKSt9bad_alloc4whatEv
                0x6e02a7e0       0x10 C:/Program Files (x86)/mingw-w64/i686-8.1.0-win32-dwarf-rt_v6-rev0/mingw32/bin/../lib/gcc/i686-w64-mingw32/8.1.0\libstdc++.a(bad_alloc.o)
                0x6e02a7e0                std::bad_alloc::what() const
 .text$_ZNKSt9exception4whatEv
                0x6e02a7f0       0x10 C:/Program Files (x86)/mingw-w64/i686-8.1.0-win32-dwarf-rt_v6-rev0/mingw32/bin/../lib/gcc/i686-w64-mingw32/8.1.0\libstdc++.a(eh_exception.o)
                0x6e02a7f0                transaction clone for std::exception::what() const
                0x6e02a7f0                std::exception::what() const
 .text$_ZNKSt9type_info10__do_catchEPKS_PPvj
                0x6e02a800       0x20 C:/Program Files (x86)/mingw-w64/i686-8.1.0-win32-dwarf-rt_v6-rev0/mingw32/bin/../lib/gcc/i686-w64-mingw32/8.1.0\libstdc++.a(tinfo.o)
                0x6e02a800                std::type_info::__do_catch(std::type_info const*, void**, unsigned int) const
 .text$_ZNKSt9type_info11__do_upcastEPKN10__cxxabiv117__class_type_infoEPPv
                0x6e02a820       0x10 C:/Program Files (x86)/mingw-w64/i686-8.1.0-win32-dwarf-rt_v6-rev0/mingw32/bin/../lib/gcc/i686-w64-mingw32/8.1.0\libstdc++.a(tinfo.o)
                0x6e02a820                std::type_info::__do_upcast(__cxxabiv1::__class_type_info const*, void**) const
 .text$_ZNKSt9type_info14__is_pointer_pEv
                0x6e02a830       0x10 C:/Program Files (x86)/mingw-w64/i686-8.1.0-win32-dwarf-rt_v6-rev0/mingw32/bin/../lib/gcc/i686-w64-mingw32/8.1.0\libstdc++.a(tinfo.o)
                0x6e02a830                std::type_info::__is_function_p() const
                0x6e02a830                std::type_info::__is_pointer_p() const
 .text$_ZNKSt9type_infoeqERKS_
                0x6e02a840       0x40 C:/Program Files (x86)/mingw-w64/i686-8.1.0-win32-dwarf-rt_v6-rev0/mingw32/bin/../lib/gcc/i686-w64-mingw32/8.1.0\libstdc++.a(tinfo.o)
                0x6e02a840                std::type_info::operator==(std::type_info const&) const
 .text$_ZNSt13bad_exceptionD0Ev
                0x6e02a880       0x20 C:/Program Files (x86)/mingw-w64/i686-8.1.0-win32-dwarf-rt_v6-rev0/mingw32/bin/../lib/gcc/i686-w64-mingw32/8.1.0\libstdc++.a(eh_exception.o)
                0x6e02a880                std::bad_exception::~bad_exception()
 .text$_ZNSt13bad_exceptionD2Ev
                0x6e02a8a0       0x10 C:/Program Files (x86)/mingw-w64/i686-8.1.0-win32-dwarf-rt_v6-rev0/mingw32/bin/../lib/gcc/i686-w64-mingw32/8.1.0\libstdc++.a(eh_exception.o)
                0x6e02a8a0                std::bad_exception::~bad_exception()
                0x6e02a8a0                std::bad_exception::~bad_exception()
 .text$_ZNSt9bad_allocD0Ev
                0x6e02a8b0       0x30 C:/Program Files (x86)/mingw-w64/i686-8.1.0-win32-dwarf-rt_v6-rev0/mingw32/bin/../lib/gcc/i686-w64-mingw32/8.1.0\libstdc++.a(bad_alloc.o)
                0x6e02a8b0                std::bad_alloc::~bad_alloc()
 .text$_ZNSt9bad_allocD2Ev
                0x6e02a8e0       0x10 C:/Program Files (x86)/mingw-w64/i686-8.1.0-win32-dwarf-rt_v6-rev0/mingw32/bin/../lib/gcc/i686-w64-mingw32/8.1.0\libstdc++.a(bad_alloc.o)
                0x6e02a8e0                std::bad_alloc::~bad_alloc()
                0x6e02a8e0                std::bad_alloc::~bad_alloc()
 .text$_ZNSt9exceptionD0Ev
                0x6e02a8f0       0x20 C:/Program Files (x86)/mingw-w64/i686-8.1.0-win32-dwarf-rt_v6-rev0/mingw32/bin/../lib/gcc/i686-w64-mingw32/8.1.0\libstdc++.a(eh_exception.o)
                0x6e02a8f0                std::exception::~exception()
 .text$_ZNSt9exceptionD2Ev
                0x6e02a910       0x10 C:/Program Files (x86)/mingw-w64/i686-8.1.0-win32-dwarf-rt_v6-rev0/mingw32/bin/../lib/gcc/i686-w64-mingw32/8.1.0\libstdc++.a(eh_exception.o)
                0x6e02a910                std::exception::~exception()
                0x6e02a910                std::exception::~exception()
 .text$_ZNSt9type_infoD0Ev
                0x6e02a920       0x20 C:/Program Files (x86)/mingw-w64/i686-8.1.0-win32-dwarf-rt_v6-rev0/mingw32/bin/../lib/gcc/i686-w64-mingw32/8.1.0\libstdc++.a(tinfo.o)
                0x6e02a920                std::type_info::~type_info()
 .text$_ZNSt9type_infoD2Ev
                0x6e02a940       0x10 C:/Program Files (x86)/mingw-w64/i686-8.1.0-win32-dwarf-rt_v6-rev0/mingw32/bin/../lib/gcc/i686-w64-mingw32/8.1.0\libstdc++.a(tinfo.o)
                0x6e02a940                std::type_info::~type_info()
                0x6e02a940                std::type_info::~type_info()
 .text$_ZSt10unexpectedv
                0x6e02a950       0x10 C:/Program Files (x86)/mingw-w64/i686-8.1.0-win32-dwarf-rt_v6-rev0/mingw32/bin/../lib/gcc/i686-w64-mingw32/8.1.0\libstdc++.a(eh_terminate.o)
                0x6e02a950                std::unexpected()
 .text$_ZSt13get_terminatev
                0x6e02a960       0x10 C:/Program Files (x86)/mingw-w64/i686-8.1.0-win32-dwarf-rt_v6-rev0/mingw32/bin/../lib/gcc/i686-w64-mingw32/8.1.0\libstdc++.a(eh_terminate.o)
                0x6e02a960                std::get_terminate()
 .text$_ZSt13set_terminatePFvvE
                0x6e02a970       0x10 C:/Program Files (x86)/mingw-w64/i686-8.1.0-win32-dwarf-rt_v6-rev0/mingw32/bin/../lib/gcc/i686-w64-mingw32/8.1.0\libstdc++.a(eh_terminate.o)
                0x6e02a970                std::set_terminate(void (*)())
 .text$_ZSt14get_unexpectedv
                0x6e02a980       0x10 C:/Program Files (x86)/mingw-w64/i686-8.1.0-win32-dwarf-rt_v6-rev0/mingw32/bin/../lib/gcc/i686-w64-mingw32/8.1.0\libstdc++.a(eh_terminate.o)
                0x6e02a980                std::get_unexpected()
 .text$_ZSt14set_unexpectedPFvvE
                0x6e02a990       0x10 C:/Program Files (x86)/mingw-w64/i686-8.1.0-win32-dwarf-rt_v6-rev0/mingw32/bin/../lib/gcc/i686-w64-mingw32/8.1.0\libstdc++.a(eh_terminate.o)
                0x6e02a990                std::set_unexpected(void (*)())
 .text$_ZSt15get_new_handlerv
                0x6e02a9a0       0x10 C:/Program Files (x86)/mingw-w64/i686-8.1.0-win32-dwarf-rt_v6-rev0/mingw32/bin/../lib/gcc/i686-w64-mingw32/8.1.0\libstdc++.a(new_handler.o)
                0x6e02a9a0                std::get_new_handler()
 .text$_ZSt15set_new_handlerPFvvE
                0x6e02a9b0       0x10 C:/Program Files (x86)/mingw-w64/i686-8.1.0-win32-dwarf-rt_v6-rev0/mingw32/bin/../lib/gcc/i686-w64-mingw32/8.1.0\libstdc++.a(new_handler.o)
                0x6e02a9b0                std::set_new_handler(void (*)())
 .text$_ZSt18uncaught_exceptionv
                0x6e02a9c0       0x20 C:/Program Files (x86)/mingw-w64/i686-8.1.0-win32-dwarf-rt_v6-rev0/mingw32/bin/../lib/gcc/i686-w64-mingw32/8.1.0\libstdc++.a(eh_catch.o)
                0x6e02a9c0                std::uncaught_exception()
 .text$_ZSt19uncaught_exceptionsv
                0x6e02a9e0       0x10 C:/Program Files (x86)/mingw-w64/i686-8.1.0-win32-dwarf-rt_v6-rev0/mingw32/bin/../lib/gcc/i686-w64-mingw32/8.1.0\libstdc++.a(eh_catch.o)
                0x6e02a9e0                std::uncaught_exceptions()
 .text$_ZSt9terminatev
                0x6e02a9f0       0x10 C:/Program Files (x86)/mingw-w64/i686-8.1.0-win32-dwarf-rt_v6-rev0/mingw32/bin/../lib/gcc/i686-w64-mingw32/8.1.0\libstdc++.a(eh_terminate.o)
                0x6e02a9f0                std::terminate()
 .text$_ZdlPv   0x6e02aa00       0x10 C:/Program Files (x86)/mingw-w64/i686-8.1.0-win32-dwarf-rt_v6-rev0/mingw32/bin/../lib/gcc/i686-w64-mingw32/8.1.0\libstdc++.a(del_op.o)
                0x6e02aa00                operator delete(void*)
 .text$_ZdlPvj  0x6e02aa10       0x10 C:/Program Files (x86)/mingw-w64/i686-8.1.0-win32-dwarf-rt_v6-rev0/mingw32/bin/../lib/gcc/i686-w64-mingw32/8.1.0\libstdc++.a(del_ops.o)
                0x6e02aa10                operator delete(void*, unsigned int)
 .text$_Znwj    0x6e02aa20       0x60 C:/Program Files (x86)/mingw-w64/i686-8.1.0-win32-dwarf-rt_v6-rev0/mingw32/bin/../lib/gcc/i686-w64-mingw32/8.1.0\libstdc++.a(new_op.o)
                0x6e02aa20                operator new(unsigned int)
 .text$__cxa_allocate_dependent_exception
                0x6e02aa80       0x60 C:/Program Files (x86)/mingw-w64/i686-8.1.0-win32-dwarf-rt_v6-rev0/mingw32/bin/../lib/gcc/i686-w64-mingw32/8.1.0\libstdc++.a(eh_alloc.o)
                0x6e02aa80                __cxa_allocate_dependent_exception
 .text$__cxa_allocate_exception
                0x6e02aae0       0x60 C:/Program Files (x86)/mingw-w64/i686-8.1.0-win32-dwarf-rt_v6-rev0/mingw32/bin/../lib/gcc/i686-w64-mingw32/8.1.0\libstdc++.a(eh_alloc.o)
                0x6e02aae0                __cxa_allocate_exception
 .text$__cxa_begin_catch
                0x6e02ab40       0x80 C:/Program Files (x86)/mingw-w64/i686-8.1.0-win32-dwarf-rt_v6-rev0/mingw32/bin/../lib/gcc/i686-w64-mingw32/8.1.0\libstdc++.a(eh_catch.o)
                0x6e02ab40                __cxa_begin_catch
 .text$__cxa_call_terminate
                0x6e02abc0       0x50 C:/Program Files (x86)/mingw-w64/i686-8.1.0-win32-dwarf-rt_v6-rev0/mingw32/bin/../lib/gcc/i686-w64-mingw32/8.1.0\libstdc++.a(eh_call.o)
                0x6e02abc0                __cxa_call_terminate
 .text$__cxa_call_unexpected
                0x6e02ac10       0x40 C:/Program Files (x86)/mingw-w64/i686-8.1.0-win32-dwarf-rt_v6-rev0/mingw32/bin/../lib/gcc/i686-w64-mingw32/8.1.0\libstdc++.a(eh_personality.o)
                0x6e02ac10                __cxa_call_unexpected
 .text$__cxa_current_exception_type
                0x6e02ac50       0x30 C:/Program Files (x86)/mingw-w64/i686-8.1.0-win32-dwarf-rt_v6-rev0/mingw32/bin/../lib/gcc/i686-w64-mingw32/8.1.0\libstdc++.a(eh_type.o)
                0x6e02ac50                __cxa_current_exception_type
 .text$__cxa_deleted_virtual
                0x6e02ac80       0x30 C:/Program Files (x86)/mingw-w64/i686-8.1.0-win32-dwarf-rt_v6-rev0/mingw32/bin/../lib/gcc/i686-w64-mingw32/8.1.0\libstdc++.a(pure.o)
                0x6e02ac80                __cxa_deleted_virtual
 .text$__cxa_end_catch
                0x6e02acb0       0xa0 C:/Program Files (x86)/mingw-w64/i686-8.1.0-win32-dwarf-rt_v6-rev0/mingw32/bin/../lib/gcc/i686-w64-mingw32/8.1.0\libstdc++.a(eh_catch.o)
                0x6e02acb0                __cxa_end_catch
 .text$__cxa_free_dependent_exception
                0x6e02ad50       0x30 C:/Program Files (x86)/mingw-w64/i686-8.1.0-win32-dwarf-rt_v6-rev0/mingw32/bin/../lib/gcc/i686-w64-mingw32/8.1.0\libstdc++.a(eh_alloc.o)
                0x6e02ad50                __cxa_free_dependent_exception
 .text$__cxa_free_exception
                0x6e02ad80       0x30 C:/Program Files (x86)/mingw-w64/i686-8.1.0-win32-dwarf-rt_v6-rev0/mingw32/bin/../lib/gcc/i686-w64-mingw32/8.1.0\libstdc++.a(eh_alloc.o)
                0x6e02ad80                __cxa_free_exception
 .text$__cxa_get_exception_ptr
                0x6e02adb0       0x10 C:/Program Files (x86)/mingw-w64/i686-8.1.0-win32-dwarf-rt_v6-rev0/mingw32/bin/../lib/gcc/i686-w64-mingw32/8.1.0\libstdc++.a(eh_catch.o)
                0x6e02adb0                __cxa_get_exception_ptr
 .text$__cxa_get_globals
                0x6e02adc0       0x20 C:/Program Files (x86)/mingw-w64/i686-8.1.0-win32-dwarf-rt_v6-rev0/mingw32/bin/../lib/gcc/i686-w64-mingw32/8.1.0\libstdc++.a(eh_globals.o)
                0x6e02adc0                __cxa_get_globals
 .text$__cxa_get_globals_fast
                0x6e02ade0       0x10 C:/Program Files (x86)/mingw-w64/i686-8.1.0-win32-dwarf-rt_v6-rev0/mingw32/bin/../lib/gcc/i686-w64-mingw32/8.1.0\libstdc++.a(eh_globals.o)
                0x6e02ade0                __cxa_get_globals_fast
 .text$__cxa_init_primary_exception
                0x6e02adf0       0x50 C:/Program Files (x86)/mingw-w64/i686-8.1.0-win32-dwarf-rt_v6-rev0/mingw32/bin/../lib/gcc/i686-w64-mingw32/8.1.0\libstdc++.a(eh_throw.o)
                0x6e02adf0                __cxa_init_primary_exception
 .text$__cxa_pure_virtual
                0x6e02ae40       0x30 C:/Program Files (x86)/mingw-w64/i686-8.1.0-win32-dwarf-rt_v6-rev0/mingw32/bin/../lib/gcc/i686-w64-mingw32/8.1.0\libstdc++.a(pure.o)
                0x6e02ae40                __cxa_pure_virtual
 .text$__cxa_rethrow
                0x6e02ae70       0x60 C:/Program Files (x86)/mingw-w64/i686-8.1.0-win32-dwarf-rt_v6-rev0/mingw32/bin/../lib/gcc/i686-w64-mingw32/8.1.0\libstdc++.a(eh_throw.o)
                0x6e02ae70                __cxa_rethrow
 .text$__cxa_throw
                0x6e02aed0       0x70 C:/Program Files (x86)/mingw-w64/i686-8.1.0-win32-dwarf-rt_v6-rev0/mingw32/bin/../lib/gcc/i686-w64-mingw32/8.1.0\libstdc++.a(eh_throw.o)
                0x6e02aed0                __cxa_throw
 .text$__gxx_personality_v0
                0x6e02af40      0x620 C:/Program Files (x86)/mingw-w64/i686-8.1.0-win32-dwarf-rt_v6-rev0/mingw32/bin/../lib/gcc/i686-w64-mingw32/8.1.0\libstdc++.a(eh_personality.o)
                0x6e02af40                __gxx_personality_v0
 .text$__tcf_0  0x6e02b560       0x30 C:/Program Files (x86)/mingw-w64/i686-8.1.0-win32-dwarf-rt_v6-rev0/mingw32/bin/../lib/gcc/i686-w64-mingw32/8.1.0\libstdc++.a(eh_alloc.o)
 *(.text.*)
 .text.unlikely._ZN12_GLOBAL__N_14pool4freeEPv.constprop.2
                0x6e02b590       0x14 C:/Program Files (x86)/mingw-w64/i686-8.1.0-win32-dwarf-rt_v6-rev0/mingw32/bin/../lib/gcc/i686-w64-mingw32/8.1.0\libstdc++.a(eh_alloc.o)
 .text.unlikely._ZN12_GLOBAL__N_14pool8allocateEj.constprop.3
                0x6e02b5a4       0x14 C:/Program Files (x86)/mingw-w64/i686-8.1.0-win32-dwarf-rt_v6-rev0/mingw32/bin/../lib/gcc/i686-w64-mingw32/8.1.0\libstdc++.a(eh_alloc.o)
 *fill*         0x6e02b5b8        0x8 
 .text.startup._GLOBAL__sub_I__ZN9__gnu_cxx9__freeresEv
                0x6e02b5c0       0x80 C:/Program Files (x86)/mingw-w64/i686-8.1.0-win32-dwarf-rt_v6-rev0/mingw32/bin/../lib/gcc/i686-w64-mingw32/8.1.0\libstdc++.a(eh_alloc.o)
 .text.unlikely._ZL28read_encoded_value_with_basehjPKhPj
                0x6e02b640        0x8 C:/Program Files (x86)/mingw-w64/i686-8.1.0-win32-dwarf-rt_v6-rev0/mingw32/bin/../lib/gcc/i686-w64-mingw32/8.1.0\libstdc++.a(eh_personality.o)
 .text.unlikely.__gxx_personality_v0
                0x6e02b648       0x10 C:/Program Files (x86)/mingw-w64/i686-8.1.0-win32-dwarf-rt_v6-rev0/mingw32/bin/../lib/gcc/i686-w64-mingw32/8.1.0\libstdc++.a(eh_personality.o)
 .text.unlikely.__cxa_call_unexpected
                0x6e02b658       0xa0 C:/Program Files (x86)/mingw-w64/i686-8.1.0-win32-dwarf-rt_v6-rev0/mingw32/bin/../lib/gcc/i686-w64-mingw32/8.1.0\libstdc++.a(eh_personality.o)
 .text.unlikely._ZN10__cxxabiv111__terminateEPFvvE
                0x6e02b6f8       0x30 C:/Program Files (x86)/mingw-w64/i686-8.1.0-win32-dwarf-rt_v6-rev0/mingw32/bin/../lib/gcc/i686-w64-mingw32/8.1.0\libstdc++.a(eh_terminate.o)
 .text.unlikely._ZN9__gnu_cxx27__verbose_terminate_handlerEv
                0x6e02b728       0xa0 C:/Program Files (x86)/mingw-w64/i686-8.1.0-win32-dwarf-rt_v6-rev0/mingw32/bin/../lib/gcc/i686-w64-mingw32/8.1.0\libstdc++.a(vterminate.o)
 .text.unlikely
                0x6e02b7c8       0x84 C:/Program Files (x86)/mingw-w64/i686-8.1.0-win32-dwarf-rt_v6-rev0/mingw32/bin/../lib/gcc/i686-w64-mingw32/8.1.0\libstdc++.a(cp-demangle.o)
 .text.unlikely
                0x6e02b84c       0x5c C:/Program Files (x86)/mingw-w64/i686-8.1.0-win32-dwarf-rt_v6-rev0/mingw32/bin/../lib/gcc/i686-w64-mingw32/8.1.0/../../../../i686-w64-mingw32/lib/../lib\libmingw32.a(lib32_libmingw32_a-pseudo-reloc.o)
 .text.unlikely
                0x6e02b8a8       0x3c C:/Program Files (x86)/mingw-w64/i686-8.1.0-win32-dwarf-rt_v6-rev0/mingw32/bin/../lib/gcc/i686-w64-mingw32/8.1.0\libgcc_eh.a(unwind-dw2.o)
 .text.unlikely
                0x6e02b8e4        0x8 C:/Program Files (x86)/mingw-w64/i686-8.1.0-win32-dwarf-rt_v6-rev0/mingw32/bin/../lib/gcc/i686-w64-mingw32/8.1.0\libgcc_eh.a(unwind-dw2-fde.o)
 .text.unlikely
                0x6e02b8ec       0x10 C:/Program Files (x86)/mingw-w64/i686-8.1.0-win32-dwarf-rt_v6-rev0/mingw32/bin/../lib/gcc/i686-w64-mingw32/8.1.0\libgcc_eh.a(emutls.o)
 *fill*         0x6e02b8fc        0x4 
 .text.startup  0x6e02b900       0x10 C:/Program Files (x86)/mingw-w64/i686-8.1.0-win32-dwarf-rt_v6-rev0/mingw32/bin/../lib/gcc/i686-w64-mingw32/8.1.0/crtend.o
 *(.gnu.linkonce.t.*)
 *(.glue_7t)
 *(.glue_7)
                0x6e02b910                ___CTOR_LIST__ = .
                0x6e02b910                __CTOR_LIST__ = .
                0x6e02b910        0x4 LONG 0xffffffff
 *(.ctors)
 .ctors         0x6e02b914        0x4 C:/Program Files (x86)/mingw-w64/i686-8.1.0-win32-dwarf-rt_v6-rev0/mingw32/bin/../lib/gcc/i686-w64-mingw32/8.1.0\libstdc++.a(eh_alloc.o)
 *(.ctor)
 *(SORT_BY_NAME(.ctors.*))
 .ctors.65535   0x6e02b918        0x4 C:/Program Files (x86)/mingw-w64/i686-8.1.0-win32-dwarf-rt_v6-rev0/mingw32/bin/../lib/gcc/i686-w64-mingw32/8.1.0/crtend.o